---
http_interactions:
- request:
    method: get
    uri: http://www.mapquestapi.com/geocoding/v1/address?key=5csbvdbRezkbNDCAcS1LMOvaT9tpqcxt&location=notareal,location,atall
    body:
      encoding: US-ASCII
      string: ''
    headers:
      User-Agent:
      - Faraday v1.8.0
      Accept-Encoding:
      - gzip;q=1.0,deflate;q=0.6,identity;q=0.3
      Accept:
      - "*/*"
  response:
    status:
      code: 200
      message: ''
    headers:
      Date:
      - Wed, 29 Sep 2021 14:29:37 GMT
      Content-Type:
      - application/json;charset=UTF-8
      Transfer-Encoding:
      - chunked
      Access-Control-Allow-Methods:
      - OPTIONS,GET,POST
      Access-Control-Allow-Origin:
      - "*"
      Cache-Control:
      - no-cache, must-revalidate
      Expires:
      - Mon, 20 Dec 1998 01:00:00 GMT
      Geocodetransactioncount:
      - '1'
      Last-Modified:
      - Wed, 29 Sep 2021 14:29:37 GMT
      Pragma:
      - no-cache
      Reversegeocodetransactioncount:
      - '0'
      Set-Cookie:
      - JSESSIONID=494B180C3AFA3CBF54E020D806FE46F2; Path=/; HttpOnly
      Status:
      - success
      Transactionweight:
      - '1.0'
    body:
      encoding: UTF-8
      string: '{"info":{"statuscode":0,"copyright":{"text":"\u00A9 2021 MapQuest,
        Inc.","imageUrl":"http://api.mqcdn.com/res/mqlogo.gif","imageAltText":"\u00A9
        2021 MapQuest, Inc."},"messages":[]},"options":{"maxResults":-1,"thumbMaps":true,"ignoreLatLngInput":false},"results":[{"providedLocation":{"location":"notareal,location,atall"},"locations":[{"street":"","adminArea6":"","adminArea6Type":"Neighborhood","adminArea5":"","adminArea5Type":"City","adminArea4":"","adminArea4Type":"County","adminArea3":"","adminArea3Type":"State","adminArea1":"US","adminArea1Type":"Country","postalCode":"","geocodeQualityCode":"A1XAX","geocodeQuality":"COUNTRY","dragPoint":false,"sideOfStreet":"N","linkId":"282934758","unknownInput":"","type":"s","latLng":{"lat":39.390897,"lng":-99.066067},"displayLatLng":{"lat":39.390897,"lng":-99.066067},"mapUrl":"http://www.mapquestapi.com/staticmap/v5/map?key=5csbvdbRezkbNDCAcS1LMOvaT9tpqcxt&type=map&size=225,160&locations=39.390897,-99.066067|marker-sm-50318A-1&scalebar=true&zoom=2&rand=-412470794"}]}]}'
  recorded_at: Wed, 29 Sep 2021 14:29:37 GMT
- request:
    method: get
    uri: http://api.openweathermap.org/data/2.5/onecall?appid=9cce38001043568898b3ad0ffbd9050f&lat=39.390897&lon=-99.066067
    body:
      encoding: US-ASCII
      string: ''
    headers:
      User-Agent:
      - Faraday v1.8.0
      Accept-Encoding:
      - gzip;q=1.0,deflate;q=0.6,identity;q=0.3
      Accept:
      - "*/*"
  response:
    status:
      code: 200
      message: OK
    headers:
      Server:
      - openresty
      Date:
      - Wed, 29 Sep 2021 14:29:37 GMT
      Content-Type:
      - application/json; charset=utf-8
      Content-Length:
      - '20391'
      Connection:
      - keep-alive
      X-Cache-Key:
      - "/data/2.5/onecall?lat=39.39&lon=-99.07"
      Access-Control-Allow-Origin:
      - "*"
      Access-Control-Allow-Credentials:
      - 'true'
      Access-Control-Allow-Methods:
      - GET, POST
    body:
      encoding: UTF-8
      string: '{"lat":39.3909,"lon":-99.0661,"timezone":"America/Chicago","timezone_offset":-18000,"current":{"dt":1632925777,"sunrise":1632918638,"sunset":1632961331,"temp":291.66,"feels_like":291.39,"pressure":1009,"humidity":70,"dew_point":286.09,"uvi":0.43,"clouds":63,"visibility":10000,"wind_speed":3.96,"wind_deg":148,"wind_gust":6.85,"weather":[{"id":803,"main":"Clouds","description":"broken
        clouds","icon":"04d"}]},"minutely":[{"dt":1632925800,"precipitation":0},{"dt":1632925860,"precipitation":0},{"dt":1632925920,"precipitation":0},{"dt":1632925980,"precipitation":0},{"dt":1632926040,"precipitation":0},{"dt":1632926100,"precipitation":0},{"dt":1632926160,"precipitation":0},{"dt":1632926220,"precipitation":0},{"dt":1632926280,"precipitation":0},{"dt":1632926340,"precipitation":0},{"dt":1632926400,"precipitation":0},{"dt":1632926460,"precipitation":0},{"dt":1632926520,"precipitation":0},{"dt":1632926580,"precipitation":0},{"dt":1632926640,"precipitation":0},{"dt":1632926700,"precipitation":0},{"dt":1632926760,"precipitation":0},{"dt":1632926820,"precipitation":0},{"dt":1632926880,"precipitation":0},{"dt":1632926940,"precipitation":0},{"dt":1632927000,"precipitation":0},{"dt":1632927060,"precipitation":0},{"dt":1632927120,"precipitation":0},{"dt":1632927180,"precipitation":0},{"dt":1632927240,"precipitation":0},{"dt":1632927300,"precipitation":0},{"dt":1632927360,"precipitation":0},{"dt":1632927420,"precipitation":0},{"dt":1632927480,"precipitation":0},{"dt":1632927540,"precipitation":0},{"dt":1632927600,"precipitation":0},{"dt":1632927660,"precipitation":0},{"dt":1632927720,"precipitation":0},{"dt":1632927780,"precipitation":0},{"dt":1632927840,"precipitation":0},{"dt":1632927900,"precipitation":0},{"dt":1632927960,"precipitation":0},{"dt":1632928020,"precipitation":0},{"dt":1632928080,"precipitation":0},{"dt":1632928140,"precipitation":0},{"dt":1632928200,"precipitation":0},{"dt":1632928260,"precipitation":0},{"dt":1632928320,"precipitation":0},{"dt":1632928380,"precipitation":0},{"dt":1632928440,"precipitation":0},{"dt":1632928500,"precipitation":0},{"dt":1632928560,"precipitation":0},{"dt":1632928620,"precipitation":0},{"dt":1632928680,"precipitation":0},{"dt":1632928740,"precipitation":0},{"dt":1632928800,"precipitation":0},{"dt":1632928860,"precipitation":0},{"dt":1632928920,"precipitation":0},{"dt":1632928980,"precipitation":0},{"dt":1632929040,"precipitation":0},{"dt":1632929100,"precipitation":0},{"dt":1632929160,"precipitation":0},{"dt":1632929220,"precipitation":0},{"dt":1632929280,"precipitation":0},{"dt":1632929340,"precipitation":0},{"dt":1632929400,"precipitation":0}],"hourly":[{"dt":1632924000,"temp":291.66,"feels_like":291.39,"pressure":1009,"humidity":70,"dew_point":286.09,"uvi":0.43,"clouds":63,"visibility":10000,"wind_speed":3.96,"wind_deg":148,"wind_gust":6.85,"weather":[{"id":500,"main":"Rain","description":"light
        rain","icon":"10d"}],"pop":0.37,"rain":{"1h":0.46}},{"dt":1632927600,"temp":292.4,"feels_like":292.16,"pressure":1009,"humidity":68,"dew_point":286.35,"uvi":1.36,"clouds":61,"visibility":10000,"wind_speed":4.94,"wind_deg":149,"wind_gust":6.7,"weather":[{"id":803,"main":"Clouds","description":"broken
        clouds","icon":"04d"}],"pop":0.37},{"dt":1632931200,"temp":294.04,"feels_like":293.83,"pressure":1009,"humidity":63,"dew_point":286.74,"uvi":2.89,"clouds":61,"visibility":10000,"wind_speed":5.98,"wind_deg":149,"wind_gust":7.91,"weather":[{"id":803,"main":"Clouds","description":"broken
        clouds","icon":"04d"}],"pop":0.28},{"dt":1632934800,"temp":296.53,"feels_like":296.36,"pressure":1008,"humidity":55,"dew_point":286.99,"uvi":4.45,"clouds":61,"visibility":10000,"wind_speed":6.69,"wind_deg":150,"wind_gust":8.69,"weather":[{"id":803,"main":"Clouds","description":"broken
        clouds","icon":"04d"}],"pop":0.21},{"dt":1632938400,"temp":299.48,"feels_like":299.48,"pressure":1008,"humidity":47,"dew_point":287.28,"uvi":5.51,"clouds":58,"visibility":10000,"wind_speed":7.38,"wind_deg":149,"wind_gust":9.3,"weather":[{"id":803,"main":"Clouds","description":"broken
        clouds","icon":"04d"}],"pop":0.2},{"dt":1632942000,"temp":302.26,"feels_like":301.96,"pressure":1007,"humidity":41,"dew_point":287.61,"uvi":5.29,"clouds":24,"visibility":10000,"wind_speed":7.7,"wind_deg":144,"wind_gust":9.29,"weather":[{"id":801,"main":"Clouds","description":"few
        clouds","icon":"02d"}],"pop":0},{"dt":1632945600,"temp":302.56,"feels_like":302.18,"pressure":1007,"humidity":40,"dew_point":287.53,"uvi":4.51,"clouds":15,"visibility":10000,"wind_speed":7.69,"wind_deg":136,"wind_gust":8.87,"weather":[{"id":801,"main":"Clouds","description":"few
        clouds","icon":"02d"}],"pop":0},{"dt":1632949200,"temp":302.7,"feels_like":302.23,"pressure":1007,"humidity":39,"dew_point":287.34,"uvi":3.11,"clouds":11,"visibility":10000,"wind_speed":7.39,"wind_deg":132,"wind_gust":8.37,"weather":[{"id":801,"main":"Clouds","description":"few
        clouds","icon":"02d"}],"pop":0},{"dt":1632952800,"temp":303.03,"feels_like":302.29,"pressure":1006,"humidity":36,"dew_point":286.63,"uvi":0.51,"clouds":14,"visibility":10000,"wind_speed":6.76,"wind_deg":136,"wind_gust":7.97,"weather":[{"id":801,"main":"Clouds","description":"few
        clouds","icon":"02d"}],"pop":0},{"dt":1632956400,"temp":302.7,"feels_like":301.95,"pressure":1006,"humidity":36,"dew_point":286.36,"uvi":0.18,"clouds":18,"visibility":10000,"wind_speed":6.49,"wind_deg":145,"wind_gust":7.72,"weather":[{"id":801,"main":"Clouds","description":"few
        clouds","icon":"02d"}],"pop":0},{"dt":1632960000,"temp":300.82,"feels_like":300.6,"pressure":1006,"humidity":41,"dew_point":286.71,"uvi":0,"clouds":18,"visibility":10000,"wind_speed":5.41,"wind_deg":134,"wind_gust":9.14,"weather":[{"id":801,"main":"Clouds","description":"few
        clouds","icon":"02d"}],"pop":0.05},{"dt":1632963600,"temp":298.66,"feels_like":298.52,"pressure":1007,"humidity":48,"dew_point":286.97,"uvi":0,"clouds":37,"visibility":10000,"wind_speed":4.52,"wind_deg":135,"wind_gust":10.13,"weather":[{"id":802,"main":"Clouds","description":"scattered
        clouds","icon":"03n"}],"pop":0.53},{"dt":1632967200,"temp":296.54,"feels_like":296.45,"pressure":1008,"humidity":58,"dew_point":287.73,"uvi":0,"clouds":63,"visibility":10000,"wind_speed":4.43,"wind_deg":148,"wind_gust":10.21,"weather":[{"id":500,"main":"Rain","description":"light
        rain","icon":"10n"}],"pop":0.8,"rain":{"1h":0.35}},{"dt":1632970800,"temp":292.83,"feels_like":292.84,"pressure":1010,"humidity":76,"dew_point":288.32,"uvi":0,"clouds":75,"visibility":10000,"wind_speed":3.25,"wind_deg":126,"wind_gust":5.02,"weather":[{"id":501,"main":"Rain","description":"moderate
        rain","icon":"10n"}],"pop":0.89,"rain":{"1h":1.45}},{"dt":1632974400,"temp":291.96,"feels_like":292.06,"pressure":1011,"humidity":83,"dew_point":288.93,"uvi":0,"clouds":80,"visibility":10000,"wind_speed":3.89,"wind_deg":107,"wind_gust":7.48,"weather":[{"id":500,"main":"Rain","description":"light
        rain","icon":"10n"}],"pop":0.89,"rain":{"1h":0.34}},{"dt":1632978000,"temp":291.93,"feels_like":292.08,"pressure":1011,"humidity":85,"dew_point":289.3,"uvi":0,"clouds":84,"visibility":10000,"wind_speed":2.47,"wind_deg":128,"wind_gust":4.82,"weather":[{"id":803,"main":"Clouds","description":"broken
        clouds","icon":"04n"}],"pop":0.74},{"dt":1632981600,"temp":291.48,"feels_like":291.64,"pressure":1011,"humidity":87,"dew_point":289.24,"uvi":0,"clouds":84,"visibility":10000,"wind_speed":2.24,"wind_deg":148,"wind_gust":3.69,"weather":[{"id":500,"main":"Rain","description":"light
        rain","icon":"10n"}],"pop":1,"rain":{"1h":0.29}},{"dt":1632985200,"temp":290.89,"feels_like":291.1,"pressure":1013,"humidity":91,"dew_point":289.3,"uvi":0,"clouds":72,"visibility":10000,"wind_speed":1.36,"wind_deg":315,"wind_gust":1.7,"weather":[{"id":500,"main":"Rain","description":"light
        rain","icon":"10n"}],"pop":0.84,"rain":{"1h":0.7}},{"dt":1632988800,"temp":290.56,"feels_like":290.81,"pressure":1013,"humidity":94,"dew_point":289.59,"uvi":0,"clouds":80,"visibility":10000,"wind_speed":2.6,"wind_deg":340,"wind_gust":4.33,"weather":[{"id":501,"main":"Rain","description":"moderate
        rain","icon":"10n"}],"pop":0.95,"rain":{"1h":1.24}},{"dt":1632992400,"temp":290.62,"feels_like":290.93,"pressure":1014,"humidity":96,"dew_point":289.85,"uvi":0,"clouds":87,"visibility":10000,"wind_speed":2.51,"wind_deg":348,"wind_gust":5.15,"weather":[{"id":501,"main":"Rain","description":"moderate
        rain","icon":"10n"}],"pop":0.97,"rain":{"1h":1.81}},{"dt":1632996000,"temp":290.91,"feels_like":291.22,"pressure":1014,"humidity":95,"dew_point":290.09,"uvi":0,"clouds":90,"visibility":7837,"wind_speed":3.18,"wind_deg":344,"wind_gust":5.96,"weather":[{"id":501,"main":"Rain","description":"moderate
        rain","icon":"10n"}],"pop":0.97,"rain":{"1h":1.53}},{"dt":1632999600,"temp":290.92,"feels_like":291.23,"pressure":1014,"humidity":95,"dew_point":290.09,"uvi":0,"clouds":92,"visibility":6561,"wind_speed":4.12,"wind_deg":352,"wind_gust":7.21,"weather":[{"id":501,"main":"Rain","description":"moderate
        rain","icon":"10n"}],"pop":0.97,"rain":{"1h":1.92}},{"dt":1633003200,"temp":290.57,"feels_like":290.85,"pressure":1015,"humidity":95,"dew_point":289.78,"uvi":0,"clouds":94,"visibility":9767,"wind_speed":4.61,"wind_deg":16,"wind_gust":8.62,"weather":[{"id":501,"main":"Rain","description":"moderate
        rain","icon":"10n"}],"pop":1,"rain":{"1h":2.23}},{"dt":1633006800,"temp":290.43,"feels_like":290.72,"pressure":1015,"humidity":96,"dew_point":289.75,"uvi":0,"clouds":100,"visibility":6528,"wind_speed":5.06,"wind_deg":30,"wind_gust":9.44,"weather":[{"id":502,"main":"Rain","description":"heavy
        intensity rain","icon":"10d"}],"pop":0.96,"rain":{"1h":4.88}},{"dt":1633010400,"temp":290.47,"feels_like":290.76,"pressure":1016,"humidity":96,"dew_point":289.75,"uvi":0.08,"clouds":100,"visibility":10000,"wind_speed":5.11,"wind_deg":45,"wind_gust":9.2,"weather":[{"id":502,"main":"Rain","description":"heavy
        intensity rain","icon":"10d"}],"pop":0.95,"rain":{"1h":4.79}},{"dt":1633014000,"temp":290.77,"feels_like":291.04,"pressure":1017,"humidity":94,"dew_point":289.75,"uvi":0.26,"clouds":100,"visibility":10000,"wind_speed":4.63,"wind_deg":35,"wind_gust":7.5,"weather":[{"id":501,"main":"Rain","description":"moderate
        rain","icon":"10d"}],"pop":0.95,"rain":{"1h":1.74}},{"dt":1633017600,"temp":291.58,"feels_like":291.8,"pressure":1017,"humidity":89,"dew_point":289.74,"uvi":1.29,"clouds":100,"visibility":10000,"wind_speed":3.8,"wind_deg":14,"wind_gust":5.09,"weather":[{"id":500,"main":"Rain","description":"light
        rain","icon":"10d"}],"pop":0.96,"rain":{"1h":0.1}},{"dt":1633021200,"temp":291.85,"feels_like":292.02,"pressure":1017,"humidity":86,"dew_point":289.37,"uvi":1.99,"clouds":100,"visibility":10000,"wind_speed":4.67,"wind_deg":360,"wind_gust":5.61,"weather":[{"id":804,"main":"Clouds","description":"overcast
        clouds","icon":"04d"}],"pop":0.76},{"dt":1633024800,"temp":291.3,"feels_like":291.39,"pressure":1017,"humidity":85,"dew_point":288.85,"uvi":2.47,"clouds":100,"visibility":10000,"wind_speed":5.05,"wind_deg":348,"wind_gust":5.99,"weather":[{"id":500,"main":"Rain","description":"light
        rain","icon":"10d"}],"pop":0.94,"rain":{"1h":0.12}},{"dt":1633028400,"temp":291.25,"feels_like":291.28,"pressure":1018,"humidity":83,"dew_point":288.4,"uvi":1.87,"clouds":100,"visibility":10000,"wind_speed":5.16,"wind_deg":348,"wind_gust":6.28,"weather":[{"id":804,"main":"Clouds","description":"overcast
        clouds","icon":"04d"}],"pop":0.25},{"dt":1633032000,"temp":292.44,"feels_like":292.46,"pressure":1017,"humidity":78,"dew_point":288.49,"uvi":1.59,"clouds":100,"visibility":10000,"wind_speed":5,"wind_deg":348,"wind_gust":5.73,"weather":[{"id":804,"main":"Clouds","description":"overcast
        clouds","icon":"04d"}],"pop":0.11},{"dt":1633035600,"temp":293.77,"feels_like":293.72,"pressure":1017,"humidity":70,"dew_point":288.19,"uvi":1.09,"clouds":100,"visibility":10000,"wind_speed":5.35,"wind_deg":356,"wind_gust":5.57,"weather":[{"id":804,"main":"Clouds","description":"overcast
        clouds","icon":"04d"}],"pop":0.07},{"dt":1633039200,"temp":293.61,"feels_like":293.49,"pressure":1017,"humidity":68,"dew_point":287.39,"uvi":0.53,"clouds":99,"visibility":10000,"wind_speed":5.16,"wind_deg":4,"wind_gust":5.54,"weather":[{"id":804,"main":"Clouds","description":"overcast
        clouds","icon":"04d"}],"pop":0.09},{"dt":1633042800,"temp":293.15,"feels_like":292.98,"pressure":1017,"humidity":68,"dew_point":286.96,"uvi":0.19,"clouds":96,"visibility":10000,"wind_speed":4.48,"wind_deg":12,"wind_gust":5.44,"weather":[{"id":804,"main":"Clouds","description":"overcast
        clouds","icon":"04d"}],"pop":0.09},{"dt":1633046400,"temp":291.95,"feels_like":291.77,"pressure":1017,"humidity":72,"dew_point":286.9,"uvi":0,"clouds":83,"visibility":10000,"wind_speed":3.37,"wind_deg":15,"wind_gust":5.42,"weather":[{"id":803,"main":"Clouds","description":"broken
        clouds","icon":"04d"}],"pop":0.09},{"dt":1633050000,"temp":290.37,"feels_like":290.21,"pressure":1017,"humidity":79,"dew_point":286.58,"uvi":0,"clouds":2,"visibility":10000,"wind_speed":2.57,"wind_deg":28,"wind_gust":3.24,"weather":[{"id":800,"main":"Clear","description":"clear
        sky","icon":"01n"}],"pop":0.03},{"dt":1633053600,"temp":289.75,"feels_like":289.58,"pressure":1017,"humidity":81,"dew_point":286.39,"uvi":0,"clouds":12,"visibility":10000,"wind_speed":2.55,"wind_deg":29,"wind_gust":3.32,"weather":[{"id":801,"main":"Clouds","description":"few
        clouds","icon":"02n"}],"pop":0.02},{"dt":1633057200,"temp":289.27,"feels_like":289.05,"pressure":1017,"humidity":81,"dew_point":286.03,"uvi":0,"clouds":9,"visibility":10000,"wind_speed":2.11,"wind_deg":18,"wind_gust":2.43,"weather":[{"id":800,"main":"Clear","description":"clear
        sky","icon":"01n"}],"pop":0},{"dt":1633060800,"temp":289.05,"feels_like":288.81,"pressure":1018,"humidity":81,"dew_point":285.68,"uvi":0,"clouds":23,"visibility":10000,"wind_speed":2.62,"wind_deg":6,"wind_gust":3.31,"weather":[{"id":801,"main":"Clouds","description":"few
        clouds","icon":"02n"}],"pop":0},{"dt":1633064400,"temp":288.91,"feels_like":288.63,"pressure":1019,"humidity":80,"dew_point":285.48,"uvi":0,"clouds":38,"visibility":10000,"wind_speed":1.71,"wind_deg":14,"wind_gust":2.01,"weather":[{"id":802,"main":"Clouds","description":"scattered
        clouds","icon":"03n"}],"pop":0},{"dt":1633068000,"temp":288.85,"feels_like":288.56,"pressure":1018,"humidity":80,"dew_point":285.38,"uvi":0,"clouds":49,"visibility":10000,"wind_speed":2.2,"wind_deg":15,"wind_gust":2.65,"weather":[{"id":802,"main":"Clouds","description":"scattered
        clouds","icon":"03n"}],"pop":0},{"dt":1633071600,"temp":288.44,"feels_like":288.14,"pressure":1018,"humidity":81,"dew_point":285.2,"uvi":0,"clouds":100,"visibility":10000,"wind_speed":2.33,"wind_deg":2,"wind_gust":2.58,"weather":[{"id":804,"main":"Clouds","description":"overcast
        clouds","icon":"04n"}],"pop":0},{"dt":1633075200,"temp":288.46,"feels_like":288.14,"pressure":1018,"humidity":80,"dew_point":285,"uvi":0,"clouds":100,"visibility":10000,"wind_speed":2.27,"wind_deg":350,"wind_gust":2.67,"weather":[{"id":804,"main":"Clouds","description":"overcast
        clouds","icon":"04n"}],"pop":0},{"dt":1633078800,"temp":288.16,"feels_like":287.83,"pressure":1018,"humidity":81,"dew_point":284.83,"uvi":0,"clouds":100,"visibility":10000,"wind_speed":1.97,"wind_deg":5,"wind_gust":2.12,"weather":[{"id":804,"main":"Clouds","description":"overcast
        clouds","icon":"04n"}],"pop":0},{"dt":1633082400,"temp":287.96,"feels_like":287.61,"pressure":1018,"humidity":81,"dew_point":284.69,"uvi":0,"clouds":100,"visibility":10000,"wind_speed":1.86,"wind_deg":6,"wind_gust":1.92,"weather":[{"id":804,"main":"Clouds","description":"overcast
        clouds","icon":"04n"}],"pop":0},{"dt":1633086000,"temp":287.89,"feels_like":287.51,"pressure":1018,"humidity":80,"dew_point":284.51,"uvi":0,"clouds":100,"visibility":10000,"wind_speed":1.79,"wind_deg":8,"wind_gust":1.89,"weather":[{"id":804,"main":"Clouds","description":"overcast
        clouds","icon":"04n"}],"pop":0},{"dt":1633089600,"temp":288.03,"feels_like":287.64,"pressure":1018,"humidity":79,"dew_point":284.38,"uvi":0,"clouds":100,"visibility":10000,"wind_speed":2.02,"wind_deg":356,"wind_gust":2.28,"weather":[{"id":804,"main":"Clouds","description":"overcast
        clouds","icon":"04n"}],"pop":0},{"dt":1633093200,"temp":288.27,"feels_like":287.85,"pressure":1018,"humidity":77,"dew_point":284.27,"uvi":0,"clouds":100,"visibility":10000,"wind_speed":2.64,"wind_deg":352,"wind_gust":3.9,"weather":[{"id":804,"main":"Clouds","description":"overcast
        clouds","icon":"04d"}],"pop":0}],"daily":[{"dt":1632938400,"sunrise":1632918638,"sunset":1632961331,"moonrise":1632891840,"moonset":1632948240,"moon_phase":0.77,"temp":{"day":299.48,"min":291.57,"max":303.03,"night":291.96,"eve":300.82,"morn":291.57},"feels_like":{"day":299.48,"night":292.06,"eve":300.6,"morn":291.37},"pressure":1008,"humidity":47,"dew_point":287.28,"wind_speed":7.7,"wind_deg":144,"wind_gust":15.54,"weather":[{"id":501,"main":"Rain","description":"moderate
        rain","icon":"10d"}],"clouds":58,"pop":0.89,"rain":2.82,"uvi":5.51},{"dt":1633024800,"sunrise":1633005094,"sunset":1633047634,"moonrise":1632981480,"moonset":1633037340,"moon_phase":0.8,"temp":{"day":291.3,"min":289.05,"max":293.77,"night":289.05,"eve":291.95,"morn":290.57},"feels_like":{"day":291.39,"night":288.81,"eve":291.77,"morn":290.85},"pressure":1017,"humidity":85,"dew_point":288.85,"wind_speed":5.35,"wind_deg":356,"wind_gust":9.44,"weather":[{"id":502,"main":"Rain","description":"heavy
        intensity rain","icon":"10d"}],"clouds":100,"pop":1,"rain":21.35,"uvi":2.47},{"dt":1633111200,"sunrise":1633091550,"sunset":1633133937,"moonrise":1633071480,"moonset":1633126200,"moon_phase":0.83,"temp":{"day":290.75,"min":287.89,"max":291.62,"night":289.39,"eve":289.51,"morn":288.03},"feels_like":{"day":290.39,"night":289.45,"eve":289.55,"morn":287.64},"pressure":1018,"humidity":70,"dew_point":285.14,"wind_speed":4.17,"wind_deg":3,"wind_gust":6.28,"weather":[{"id":500,"main":"Rain","description":"light
        rain","icon":"10d"}],"clouds":100,"pop":0.69,"rain":1,"uvi":4.87},{"dt":1633197600,"sunrise":1633178007,"sunset":1633220241,"moonrise":1633161720,"moonset":1633214700,"moon_phase":0.87,"temp":{"day":292.46,"min":288.91,"max":292.46,"night":290.33,"eve":291.17,"morn":288.91},"feels_like":{"day":292.46,"night":290.3,"eve":291.19,"morn":289.05},"pressure":1015,"humidity":77,"dew_point":288.23,"wind_speed":3.71,"wind_deg":351,"wind_gust":6.2,"weather":[{"id":501,"main":"Rain","description":"moderate
        rain","icon":"10d"}],"clouds":99,"pop":0.97,"rain":11.85,"uvi":1.82},{"dt":1633284000,"sunrise":1633264464,"sunset":1633306545,"moonrise":1633252200,"moonset":1633302960,"moon_phase":0.9,"temp":{"day":296.31,"min":286.8,"max":298.44,"night":291.18,"eve":294.43,"morn":286.8},"feels_like":{"day":295.75,"night":290.24,"eve":293.71,"morn":286.65},"pressure":1016,"humidity":41,"dew_point":282.58,"wind_speed":3.75,"wind_deg":149,"wind_gust":5.64,"weather":[{"id":800,"main":"Clear","description":"clear
        sky","icon":"01d"}],"clouds":0,"pop":0.04,"uvi":2},{"dt":1633370400,"sunrise":1633350922,"sunset":1633392849,"moonrise":1633342740,"moonset":1633391040,"moon_phase":0.94,"temp":{"day":297.74,"min":288.55,"max":299.88,"night":291.95,"eve":295.45,"morn":288.55},"feels_like":{"day":297.3,"night":291.4,"eve":295.07,"morn":287.9},"pressure":1015,"humidity":40,"dew_point":283.25,"wind_speed":4.79,"wind_deg":35,"wind_gust":10.44,"weather":[{"id":800,"main":"Clear","description":"clear
        sky","icon":"01d"}],"clouds":2,"pop":0,"uvi":2},{"dt":1633456800,"sunrise":1633437379,"sunset":1633479154,"moonrise":1633433340,"moonset":1633479120,"moon_phase":0.97,"temp":{"day":295.27,"min":286.32,"max":297.23,"night":290.28,"eve":293.39,"morn":286.32},"feels_like":{"day":294.74,"night":289.48,"eve":292.75,"morn":285.78},"pressure":1021,"humidity":46,"dew_point":283.27,"wind_speed":3.44,"wind_deg":142,"wind_gust":6.03,"weather":[{"id":800,"main":"Clear","description":"clear
        sky","icon":"01d"}],"clouds":0,"pop":0,"uvi":2},{"dt":1633543200,"sunrise":1633523837,"sunset":1633565460,"moonrise":1633524060,"moonset":1633567200,"moon_phase":0,"temp":{"day":296.72,"min":286.69,"max":298.54,"night":290.85,"eve":294.19,"morn":286.69},"feels_like":{"day":296.18,"night":290.16,"eve":293.63,"morn":285.9},"pressure":1019,"humidity":40,"dew_point":282.4,"wind_speed":4.03,"wind_deg":143,"wind_gust":8.27,"weather":[{"id":800,"main":"Clear","description":"clear
        sky","icon":"01d"}],"clouds":0,"pop":0,"uvi":2}]}'
  recorded_at: Wed, 29 Sep 2021 14:29:37 GMT
- request:
    method: get
    uri: http://api.openweathermap.org/data/2.5/onecall?appid=9cce38001043568898b3ad0ffbd9050f&lat=39.3909&lon=-99.0661
    body:
      encoding: US-ASCII
      string: ''
    headers:
      User-Agent:
      - Faraday v1.8.0
      Accept-Encoding:
      - gzip;q=1.0,deflate;q=0.6,identity;q=0.3
      Accept:
      - "*/*"
  response:
    status:
      code: 200
      message: OK
    headers:
      Server:
      - openresty
      Date:
      - Wed, 29 Sep 2021 14:29:38 GMT
      Content-Type:
      - application/json; charset=utf-8
      Content-Length:
      - '20391'
      Connection:
      - keep-alive
      X-Cache-Key:
      - "/data/2.5/onecall?lat=39.39&lon=-99.07"
      Access-Control-Allow-Origin:
      - "*"
      Access-Control-Allow-Credentials:
      - 'true'
      Access-Control-Allow-Methods:
      - GET, POST
    body:
      encoding: UTF-8
      string: '{"lat":39.3909,"lon":-99.0661,"timezone":"America/Chicago","timezone_offset":-18000,"current":{"dt":1632925777,"sunrise":1632918638,"sunset":1632961331,"temp":291.66,"feels_like":291.39,"pressure":1009,"humidity":70,"dew_point":286.09,"uvi":0.43,"clouds":63,"visibility":10000,"wind_speed":3.96,"wind_deg":148,"wind_gust":6.85,"weather":[{"id":803,"main":"Clouds","description":"broken
        clouds","icon":"04d"}]},"minutely":[{"dt":1632925800,"precipitation":0},{"dt":1632925860,"precipitation":0},{"dt":1632925920,"precipitation":0},{"dt":1632925980,"precipitation":0},{"dt":1632926040,"precipitation":0},{"dt":1632926100,"precipitation":0},{"dt":1632926160,"precipitation":0},{"dt":1632926220,"precipitation":0},{"dt":1632926280,"precipitation":0},{"dt":1632926340,"precipitation":0},{"dt":1632926400,"precipitation":0},{"dt":1632926460,"precipitation":0},{"dt":1632926520,"precipitation":0},{"dt":1632926580,"precipitation":0},{"dt":1632926640,"precipitation":0},{"dt":1632926700,"precipitation":0},{"dt":1632926760,"precipitation":0},{"dt":1632926820,"precipitation":0},{"dt":1632926880,"precipitation":0},{"dt":1632926940,"precipitation":0},{"dt":1632927000,"precipitation":0},{"dt":1632927060,"precipitation":0},{"dt":1632927120,"precipitation":0},{"dt":1632927180,"precipitation":0},{"dt":1632927240,"precipitation":0},{"dt":1632927300,"precipitation":0},{"dt":1632927360,"precipitation":0},{"dt":1632927420,"precipitation":0},{"dt":1632927480,"precipitation":0},{"dt":1632927540,"precipitation":0},{"dt":1632927600,"precipitation":0},{"dt":1632927660,"precipitation":0},{"dt":1632927720,"precipitation":0},{"dt":1632927780,"precipitation":0},{"dt":1632927840,"precipitation":0},{"dt":1632927900,"precipitation":0},{"dt":1632927960,"precipitation":0},{"dt":1632928020,"precipitation":0},{"dt":1632928080,"precipitation":0},{"dt":1632928140,"precipitation":0},{"dt":1632928200,"precipitation":0},{"dt":1632928260,"precipitation":0},{"dt":1632928320,"precipitation":0},{"dt":1632928380,"precipitation":0},{"dt":1632928440,"precipitation":0},{"dt":1632928500,"precipitation":0},{"dt":1632928560,"precipitation":0},{"dt":1632928620,"precipitation":0},{"dt":1632928680,"precipitation":0},{"dt":1632928740,"precipitation":0},{"dt":1632928800,"precipitation":0},{"dt":1632928860,"precipitation":0},{"dt":1632928920,"precipitation":0},{"dt":1632928980,"precipitation":0},{"dt":1632929040,"precipitation":0},{"dt":1632929100,"precipitation":0},{"dt":1632929160,"precipitation":0},{"dt":1632929220,"precipitation":0},{"dt":1632929280,"precipitation":0},{"dt":1632929340,"precipitation":0},{"dt":1632929400,"precipitation":0}],"hourly":[{"dt":1632924000,"temp":291.66,"feels_like":291.39,"pressure":1009,"humidity":70,"dew_point":286.09,"uvi":0.43,"clouds":63,"visibility":10000,"wind_speed":3.96,"wind_deg":148,"wind_gust":6.85,"weather":[{"id":500,"main":"Rain","description":"light
        rain","icon":"10d"}],"pop":0.37,"rain":{"1h":0.46}},{"dt":1632927600,"temp":292.4,"feels_like":292.16,"pressure":1009,"humidity":68,"dew_point":286.35,"uvi":1.36,"clouds":61,"visibility":10000,"wind_speed":4.94,"wind_deg":149,"wind_gust":6.7,"weather":[{"id":803,"main":"Clouds","description":"broken
        clouds","icon":"04d"}],"pop":0.37},{"dt":1632931200,"temp":294.04,"feels_like":293.83,"pressure":1009,"humidity":63,"dew_point":286.74,"uvi":2.89,"clouds":61,"visibility":10000,"wind_speed":5.98,"wind_deg":149,"wind_gust":7.91,"weather":[{"id":803,"main":"Clouds","description":"broken
        clouds","icon":"04d"}],"pop":0.28},{"dt":1632934800,"temp":296.53,"feels_like":296.36,"pressure":1008,"humidity":55,"dew_point":286.99,"uvi":4.45,"clouds":61,"visibility":10000,"wind_speed":6.69,"wind_deg":150,"wind_gust":8.69,"weather":[{"id":803,"main":"Clouds","description":"broken
        clouds","icon":"04d"}],"pop":0.21},{"dt":1632938400,"temp":299.48,"feels_like":299.48,"pressure":1008,"humidity":47,"dew_point":287.28,"uvi":5.51,"clouds":58,"visibility":10000,"wind_speed":7.38,"wind_deg":149,"wind_gust":9.3,"weather":[{"id":803,"main":"Clouds","description":"broken
        clouds","icon":"04d"}],"pop":0.2},{"dt":1632942000,"temp":302.26,"feels_like":301.96,"pressure":1007,"humidity":41,"dew_point":287.61,"uvi":5.29,"clouds":24,"visibility":10000,"wind_speed":7.7,"wind_deg":144,"wind_gust":9.29,"weather":[{"id":801,"main":"Clouds","description":"few
        clouds","icon":"02d"}],"pop":0},{"dt":1632945600,"temp":302.56,"feels_like":302.18,"pressure":1007,"humidity":40,"dew_point":287.53,"uvi":4.51,"clouds":15,"visibility":10000,"wind_speed":7.69,"wind_deg":136,"wind_gust":8.87,"weather":[{"id":801,"main":"Clouds","description":"few
        clouds","icon":"02d"}],"pop":0},{"dt":1632949200,"temp":302.7,"feels_like":302.23,"pressure":1007,"humidity":39,"dew_point":287.34,"uvi":3.11,"clouds":11,"visibility":10000,"wind_speed":7.39,"wind_deg":132,"wind_gust":8.37,"weather":[{"id":801,"main":"Clouds","description":"few
        clouds","icon":"02d"}],"pop":0},{"dt":1632952800,"temp":303.03,"feels_like":302.29,"pressure":1006,"humidity":36,"dew_point":286.63,"uvi":0.51,"clouds":14,"visibility":10000,"wind_speed":6.76,"wind_deg":136,"wind_gust":7.97,"weather":[{"id":801,"main":"Clouds","description":"few
        clouds","icon":"02d"}],"pop":0},{"dt":1632956400,"temp":302.7,"feels_like":301.95,"pressure":1006,"humidity":36,"dew_point":286.36,"uvi":0.18,"clouds":18,"visibility":10000,"wind_speed":6.49,"wind_deg":145,"wind_gust":7.72,"weather":[{"id":801,"main":"Clouds","description":"few
        clouds","icon":"02d"}],"pop":0},{"dt":1632960000,"temp":300.82,"feels_like":300.6,"pressure":1006,"humidity":41,"dew_point":286.71,"uvi":0,"clouds":18,"visibility":10000,"wind_speed":5.41,"wind_deg":134,"wind_gust":9.14,"weather":[{"id":801,"main":"Clouds","description":"few
        clouds","icon":"02d"}],"pop":0.05},{"dt":1632963600,"temp":298.66,"feels_like":298.52,"pressure":1007,"humidity":48,"dew_point":286.97,"uvi":0,"clouds":37,"visibility":10000,"wind_speed":4.52,"wind_deg":135,"wind_gust":10.13,"weather":[{"id":802,"main":"Clouds","description":"scattered
        clouds","icon":"03n"}],"pop":0.53},{"dt":1632967200,"temp":296.54,"feels_like":296.45,"pressure":1008,"humidity":58,"dew_point":287.73,"uvi":0,"clouds":63,"visibility":10000,"wind_speed":4.43,"wind_deg":148,"wind_gust":10.21,"weather":[{"id":500,"main":"Rain","description":"light
        rain","icon":"10n"}],"pop":0.8,"rain":{"1h":0.35}},{"dt":1632970800,"temp":292.83,"feels_like":292.84,"pressure":1010,"humidity":76,"dew_point":288.32,"uvi":0,"clouds":75,"visibility":10000,"wind_speed":3.25,"wind_deg":126,"wind_gust":5.02,"weather":[{"id":501,"main":"Rain","description":"moderate
        rain","icon":"10n"}],"pop":0.89,"rain":{"1h":1.45}},{"dt":1632974400,"temp":291.96,"feels_like":292.06,"pressure":1011,"humidity":83,"dew_point":288.93,"uvi":0,"clouds":80,"visibility":10000,"wind_speed":3.89,"wind_deg":107,"wind_gust":7.48,"weather":[{"id":500,"main":"Rain","description":"light
        rain","icon":"10n"}],"pop":0.89,"rain":{"1h":0.34}},{"dt":1632978000,"temp":291.93,"feels_like":292.08,"pressure":1011,"humidity":85,"dew_point":289.3,"uvi":0,"clouds":84,"visibility":10000,"wind_speed":2.47,"wind_deg":128,"wind_gust":4.82,"weather":[{"id":803,"main":"Clouds","description":"broken
        clouds","icon":"04n"}],"pop":0.74},{"dt":1632981600,"temp":291.48,"feels_like":291.64,"pressure":1011,"humidity":87,"dew_point":289.24,"uvi":0,"clouds":84,"visibility":10000,"wind_speed":2.24,"wind_deg":148,"wind_gust":3.69,"weather":[{"id":500,"main":"Rain","description":"light
        rain","icon":"10n"}],"pop":1,"rain":{"1h":0.29}},{"dt":1632985200,"temp":290.89,"feels_like":291.1,"pressure":1013,"humidity":91,"dew_point":289.3,"uvi":0,"clouds":72,"visibility":10000,"wind_speed":1.36,"wind_deg":315,"wind_gust":1.7,"weather":[{"id":500,"main":"Rain","description":"light
        rain","icon":"10n"}],"pop":0.84,"rain":{"1h":0.7}},{"dt":1632988800,"temp":290.56,"feels_like":290.81,"pressure":1013,"humidity":94,"dew_point":289.59,"uvi":0,"clouds":80,"visibility":10000,"wind_speed":2.6,"wind_deg":340,"wind_gust":4.33,"weather":[{"id":501,"main":"Rain","description":"moderate
        rain","icon":"10n"}],"pop":0.95,"rain":{"1h":1.24}},{"dt":1632992400,"temp":290.62,"feels_like":290.93,"pressure":1014,"humidity":96,"dew_point":289.85,"uvi":0,"clouds":87,"visibility":10000,"wind_speed":2.51,"wind_deg":348,"wind_gust":5.15,"weather":[{"id":501,"main":"Rain","description":"moderate
        rain","icon":"10n"}],"pop":0.97,"rain":{"1h":1.81}},{"dt":1632996000,"temp":290.91,"feels_like":291.22,"pressure":1014,"humidity":95,"dew_point":290.09,"uvi":0,"clouds":90,"visibility":7837,"wind_speed":3.18,"wind_deg":344,"wind_gust":5.96,"weather":[{"id":501,"main":"Rain","description":"moderate
        rain","icon":"10n"}],"pop":0.97,"rain":{"1h":1.53}},{"dt":1632999600,"temp":290.92,"feels_like":291.23,"pressure":1014,"humidity":95,"dew_point":290.09,"uvi":0,"clouds":92,"visibility":6561,"wind_speed":4.12,"wind_deg":352,"wind_gust":7.21,"weather":[{"id":501,"main":"Rain","description":"moderate
        rain","icon":"10n"}],"pop":0.97,"rain":{"1h":1.92}},{"dt":1633003200,"temp":290.57,"feels_like":290.85,"pressure":1015,"humidity":95,"dew_point":289.78,"uvi":0,"clouds":94,"visibility":9767,"wind_speed":4.61,"wind_deg":16,"wind_gust":8.62,"weather":[{"id":501,"main":"Rain","description":"moderate
        rain","icon":"10n"}],"pop":1,"rain":{"1h":2.23}},{"dt":1633006800,"temp":290.43,"feels_like":290.72,"pressure":1015,"humidity":96,"dew_point":289.75,"uvi":0,"clouds":100,"visibility":6528,"wind_speed":5.06,"wind_deg":30,"wind_gust":9.44,"weather":[{"id":502,"main":"Rain","description":"heavy
        intensity rain","icon":"10d"}],"pop":0.96,"rain":{"1h":4.88}},{"dt":1633010400,"temp":290.47,"feels_like":290.76,"pressure":1016,"humidity":96,"dew_point":289.75,"uvi":0.08,"clouds":100,"visibility":10000,"wind_speed":5.11,"wind_deg":45,"wind_gust":9.2,"weather":[{"id":502,"main":"Rain","description":"heavy
        intensity rain","icon":"10d"}],"pop":0.95,"rain":{"1h":4.79}},{"dt":1633014000,"temp":290.77,"feels_like":291.04,"pressure":1017,"humidity":94,"dew_point":289.75,"uvi":0.26,"clouds":100,"visibility":10000,"wind_speed":4.63,"wind_deg":35,"wind_gust":7.5,"weather":[{"id":501,"main":"Rain","description":"moderate
        rain","icon":"10d"}],"pop":0.95,"rain":{"1h":1.74}},{"dt":1633017600,"temp":291.58,"feels_like":291.8,"pressure":1017,"humidity":89,"dew_point":289.74,"uvi":1.29,"clouds":100,"visibility":10000,"wind_speed":3.8,"wind_deg":14,"wind_gust":5.09,"weather":[{"id":500,"main":"Rain","description":"light
        rain","icon":"10d"}],"pop":0.96,"rain":{"1h":0.1}},{"dt":1633021200,"temp":291.85,"feels_like":292.02,"pressure":1017,"humidity":86,"dew_point":289.37,"uvi":1.99,"clouds":100,"visibility":10000,"wind_speed":4.67,"wind_deg":360,"wind_gust":5.61,"weather":[{"id":804,"main":"Clouds","description":"overcast
        clouds","icon":"04d"}],"pop":0.76},{"dt":1633024800,"temp":291.3,"feels_like":291.39,"pressure":1017,"humidity":85,"dew_point":288.85,"uvi":2.47,"clouds":100,"visibility":10000,"wind_speed":5.05,"wind_deg":348,"wind_gust":5.99,"weather":[{"id":500,"main":"Rain","description":"light
        rain","icon":"10d"}],"pop":0.94,"rain":{"1h":0.12}},{"dt":1633028400,"temp":291.25,"feels_like":291.28,"pressure":1018,"humidity":83,"dew_point":288.4,"uvi":1.87,"clouds":100,"visibility":10000,"wind_speed":5.16,"wind_deg":348,"wind_gust":6.28,"weather":[{"id":804,"main":"Clouds","description":"overcast
        clouds","icon":"04d"}],"pop":0.25},{"dt":1633032000,"temp":292.44,"feels_like":292.46,"pressure":1017,"humidity":78,"dew_point":288.49,"uvi":1.59,"clouds":100,"visibility":10000,"wind_speed":5,"wind_deg":348,"wind_gust":5.73,"weather":[{"id":804,"main":"Clouds","description":"overcast
        clouds","icon":"04d"}],"pop":0.11},{"dt":1633035600,"temp":293.77,"feels_like":293.72,"pressure":1017,"humidity":70,"dew_point":288.19,"uvi":1.09,"clouds":100,"visibility":10000,"wind_speed":5.35,"wind_deg":356,"wind_gust":5.57,"weather":[{"id":804,"main":"Clouds","description":"overcast
        clouds","icon":"04d"}],"pop":0.07},{"dt":1633039200,"temp":293.61,"feels_like":293.49,"pressure":1017,"humidity":68,"dew_point":287.39,"uvi":0.53,"clouds":99,"visibility":10000,"wind_speed":5.16,"wind_deg":4,"wind_gust":5.54,"weather":[{"id":804,"main":"Clouds","description":"overcast
        clouds","icon":"04d"}],"pop":0.09},{"dt":1633042800,"temp":293.15,"feels_like":292.98,"pressure":1017,"humidity":68,"dew_point":286.96,"uvi":0.19,"clouds":96,"visibility":10000,"wind_speed":4.48,"wind_deg":12,"wind_gust":5.44,"weather":[{"id":804,"main":"Clouds","description":"overcast
        clouds","icon":"04d"}],"pop":0.09},{"dt":1633046400,"temp":291.95,"feels_like":291.77,"pressure":1017,"humidity":72,"dew_point":286.9,"uvi":0,"clouds":83,"visibility":10000,"wind_speed":3.37,"wind_deg":15,"wind_gust":5.42,"weather":[{"id":803,"main":"Clouds","description":"broken
        clouds","icon":"04d"}],"pop":0.09},{"dt":1633050000,"temp":290.37,"feels_like":290.21,"pressure":1017,"humidity":79,"dew_point":286.58,"uvi":0,"clouds":2,"visibility":10000,"wind_speed":2.57,"wind_deg":28,"wind_gust":3.24,"weather":[{"id":800,"main":"Clear","description":"clear
        sky","icon":"01n"}],"pop":0.03},{"dt":1633053600,"temp":289.75,"feels_like":289.58,"pressure":1017,"humidity":81,"dew_point":286.39,"uvi":0,"clouds":12,"visibility":10000,"wind_speed":2.55,"wind_deg":29,"wind_gust":3.32,"weather":[{"id":801,"main":"Clouds","description":"few
        clouds","icon":"02n"}],"pop":0.02},{"dt":1633057200,"temp":289.27,"feels_like":289.05,"pressure":1017,"humidity":81,"dew_point":286.03,"uvi":0,"clouds":9,"visibility":10000,"wind_speed":2.11,"wind_deg":18,"wind_gust":2.43,"weather":[{"id":800,"main":"Clear","description":"clear
        sky","icon":"01n"}],"pop":0},{"dt":1633060800,"temp":289.05,"feels_like":288.81,"pressure":1018,"humidity":81,"dew_point":285.68,"uvi":0,"clouds":23,"visibility":10000,"wind_speed":2.62,"wind_deg":6,"wind_gust":3.31,"weather":[{"id":801,"main":"Clouds","description":"few
        clouds","icon":"02n"}],"pop":0},{"dt":1633064400,"temp":288.91,"feels_like":288.63,"pressure":1019,"humidity":80,"dew_point":285.48,"uvi":0,"clouds":38,"visibility":10000,"wind_speed":1.71,"wind_deg":14,"wind_gust":2.01,"weather":[{"id":802,"main":"Clouds","description":"scattered
        clouds","icon":"03n"}],"pop":0},{"dt":1633068000,"temp":288.85,"feels_like":288.56,"pressure":1018,"humidity":80,"dew_point":285.38,"uvi":0,"clouds":49,"visibility":10000,"wind_speed":2.2,"wind_deg":15,"wind_gust":2.65,"weather":[{"id":802,"main":"Clouds","description":"scattered
        clouds","icon":"03n"}],"pop":0},{"dt":1633071600,"temp":288.44,"feels_like":288.14,"pressure":1018,"humidity":81,"dew_point":285.2,"uvi":0,"clouds":100,"visibility":10000,"wind_speed":2.33,"wind_deg":2,"wind_gust":2.58,"weather":[{"id":804,"main":"Clouds","description":"overcast
        clouds","icon":"04n"}],"pop":0},{"dt":1633075200,"temp":288.46,"feels_like":288.14,"pressure":1018,"humidity":80,"dew_point":285,"uvi":0,"clouds":100,"visibility":10000,"wind_speed":2.27,"wind_deg":350,"wind_gust":2.67,"weather":[{"id":804,"main":"Clouds","description":"overcast
        clouds","icon":"04n"}],"pop":0},{"dt":1633078800,"temp":288.16,"feels_like":287.83,"pressure":1018,"humidity":81,"dew_point":284.83,"uvi":0,"clouds":100,"visibility":10000,"wind_speed":1.97,"wind_deg":5,"wind_gust":2.12,"weather":[{"id":804,"main":"Clouds","description":"overcast
        clouds","icon":"04n"}],"pop":0},{"dt":1633082400,"temp":287.96,"feels_like":287.61,"pressure":1018,"humidity":81,"dew_point":284.69,"uvi":0,"clouds":100,"visibility":10000,"wind_speed":1.86,"wind_deg":6,"wind_gust":1.92,"weather":[{"id":804,"main":"Clouds","description":"overcast
        clouds","icon":"04n"}],"pop":0},{"dt":1633086000,"temp":287.89,"feels_like":287.51,"pressure":1018,"humidity":80,"dew_point":284.51,"uvi":0,"clouds":100,"visibility":10000,"wind_speed":1.79,"wind_deg":8,"wind_gust":1.89,"weather":[{"id":804,"main":"Clouds","description":"overcast
        clouds","icon":"04n"}],"pop":0},{"dt":1633089600,"temp":288.03,"feels_like":287.64,"pressure":1018,"humidity":79,"dew_point":284.38,"uvi":0,"clouds":100,"visibility":10000,"wind_speed":2.02,"wind_deg":356,"wind_gust":2.28,"weather":[{"id":804,"main":"Clouds","description":"overcast
        clouds","icon":"04n"}],"pop":0},{"dt":1633093200,"temp":288.27,"feels_like":287.85,"pressure":1018,"humidity":77,"dew_point":284.27,"uvi":0,"clouds":100,"visibility":10000,"wind_speed":2.64,"wind_deg":352,"wind_gust":3.9,"weather":[{"id":804,"main":"Clouds","description":"overcast
        clouds","icon":"04d"}],"pop":0}],"daily":[{"dt":1632938400,"sunrise":1632918638,"sunset":1632961331,"moonrise":1632891840,"moonset":1632948240,"moon_phase":0.77,"temp":{"day":299.48,"min":291.57,"max":303.03,"night":291.96,"eve":300.82,"morn":291.57},"feels_like":{"day":299.48,"night":292.06,"eve":300.6,"morn":291.37},"pressure":1008,"humidity":47,"dew_point":287.28,"wind_speed":7.7,"wind_deg":144,"wind_gust":15.54,"weather":[{"id":501,"main":"Rain","description":"moderate
        rain","icon":"10d"}],"clouds":58,"pop":0.89,"rain":2.82,"uvi":5.51},{"dt":1633024800,"sunrise":1633005094,"sunset":1633047634,"moonrise":1632981480,"moonset":1633037340,"moon_phase":0.8,"temp":{"day":291.3,"min":289.05,"max":293.77,"night":289.05,"eve":291.95,"morn":290.57},"feels_like":{"day":291.39,"night":288.81,"eve":291.77,"morn":290.85},"pressure":1017,"humidity":85,"dew_point":288.85,"wind_speed":5.35,"wind_deg":356,"wind_gust":9.44,"weather":[{"id":502,"main":"Rain","description":"heavy
        intensity rain","icon":"10d"}],"clouds":100,"pop":1,"rain":21.35,"uvi":2.47},{"dt":1633111200,"sunrise":1633091550,"sunset":1633133937,"moonrise":1633071480,"moonset":1633126200,"moon_phase":0.83,"temp":{"day":290.75,"min":287.89,"max":291.62,"night":289.39,"eve":289.51,"morn":288.03},"feels_like":{"day":290.39,"night":289.45,"eve":289.55,"morn":287.64},"pressure":1018,"humidity":70,"dew_point":285.14,"wind_speed":4.17,"wind_deg":3,"wind_gust":6.28,"weather":[{"id":500,"main":"Rain","description":"light
        rain","icon":"10d"}],"clouds":100,"pop":0.69,"rain":1,"uvi":4.87},{"dt":1633197600,"sunrise":1633178007,"sunset":1633220241,"moonrise":1633161720,"moonset":1633214700,"moon_phase":0.87,"temp":{"day":292.46,"min":288.91,"max":292.46,"night":290.33,"eve":291.17,"morn":288.91},"feels_like":{"day":292.46,"night":290.3,"eve":291.19,"morn":289.05},"pressure":1015,"humidity":77,"dew_point":288.23,"wind_speed":3.71,"wind_deg":351,"wind_gust":6.2,"weather":[{"id":501,"main":"Rain","description":"moderate
        rain","icon":"10d"}],"clouds":99,"pop":0.97,"rain":11.85,"uvi":1.82},{"dt":1633284000,"sunrise":1633264464,"sunset":1633306545,"moonrise":1633252200,"moonset":1633302960,"moon_phase":0.9,"temp":{"day":296.31,"min":286.8,"max":298.44,"night":291.18,"eve":294.43,"morn":286.8},"feels_like":{"day":295.75,"night":290.24,"eve":293.71,"morn":286.65},"pressure":1016,"humidity":41,"dew_point":282.58,"wind_speed":3.75,"wind_deg":149,"wind_gust":5.64,"weather":[{"id":800,"main":"Clear","description":"clear
        sky","icon":"01d"}],"clouds":0,"pop":0.04,"uvi":2},{"dt":1633370400,"sunrise":1633350922,"sunset":1633392849,"moonrise":1633342740,"moonset":1633391040,"moon_phase":0.94,"temp":{"day":297.74,"min":288.55,"max":299.88,"night":291.95,"eve":295.45,"morn":288.55},"feels_like":{"day":297.3,"night":291.4,"eve":295.07,"morn":287.9},"pressure":1015,"humidity":40,"dew_point":283.25,"wind_speed":4.79,"wind_deg":35,"wind_gust":10.44,"weather":[{"id":800,"main":"Clear","description":"clear
        sky","icon":"01d"}],"clouds":2,"pop":0,"uvi":2},{"dt":1633456800,"sunrise":1633437379,"sunset":1633479154,"moonrise":1633433340,"moonset":1633479120,"moon_phase":0.97,"temp":{"day":295.27,"min":286.32,"max":297.23,"night":290.28,"eve":293.39,"morn":286.32},"feels_like":{"day":294.74,"night":289.48,"eve":292.75,"morn":285.78},"pressure":1021,"humidity":46,"dew_point":283.27,"wind_speed":3.44,"wind_deg":142,"wind_gust":6.03,"weather":[{"id":800,"main":"Clear","description":"clear
        sky","icon":"01d"}],"clouds":0,"pop":0,"uvi":2},{"dt":1633543200,"sunrise":1633523837,"sunset":1633565460,"moonrise":1633524060,"moonset":1633567200,"moon_phase":0,"temp":{"day":296.72,"min":286.69,"max":298.54,"night":290.85,"eve":294.19,"morn":286.69},"feels_like":{"day":296.18,"night":290.16,"eve":293.63,"morn":285.9},"pressure":1019,"humidity":40,"dew_point":282.4,"wind_speed":4.03,"wind_deg":143,"wind_gust":8.27,"weather":[{"id":800,"main":"Clear","description":"clear
        sky","icon":"01d"}],"clouds":0,"pop":0,"uvi":2}]}'
  recorded_at: Wed, 29 Sep 2021 14:29:38 GMT
- request:
    method: get
    uri: http://api.openweathermap.org/data/2.5/onecall?appid=9cce38001043568898b3ad0ffbd9050f&lat=39.3909&lon=-99.0661
    body:
      encoding: US-ASCII
      string: ''
    headers:
      User-Agent:
      - Faraday v1.8.0
      Accept-Encoding:
      - gzip;q=1.0,deflate;q=0.6,identity;q=0.3
      Accept:
      - "*/*"
  response:
    status:
      code: 200
      message: OK
    headers:
      Server:
      - openresty
      Date:
      - Wed, 29 Sep 2021 14:29:38 GMT
      Content-Type:
      - application/json; charset=utf-8
      Content-Length:
      - '20391'
      Connection:
      - keep-alive
      X-Cache-Key:
      - "/data/2.5/onecall?lat=39.39&lon=-99.07"
      Access-Control-Allow-Origin:
      - "*"
      Access-Control-Allow-Credentials:
      - 'true'
      Access-Control-Allow-Methods:
      - GET, POST
    body:
      encoding: UTF-8
      string: '{"lat":39.3909,"lon":-99.0661,"timezone":"America/Chicago","timezone_offset":-18000,"current":{"dt":1632925777,"sunrise":1632918638,"sunset":1632961331,"temp":291.66,"feels_like":291.39,"pressure":1009,"humidity":70,"dew_point":286.09,"uvi":0.43,"clouds":63,"visibility":10000,"wind_speed":3.96,"wind_deg":148,"wind_gust":6.85,"weather":[{"id":803,"main":"Clouds","description":"broken
        clouds","icon":"04d"}]},"minutely":[{"dt":1632925800,"precipitation":0},{"dt":1632925860,"precipitation":0},{"dt":1632925920,"precipitation":0},{"dt":1632925980,"precipitation":0},{"dt":1632926040,"precipitation":0},{"dt":1632926100,"precipitation":0},{"dt":1632926160,"precipitation":0},{"dt":1632926220,"precipitation":0},{"dt":1632926280,"precipitation":0},{"dt":1632926340,"precipitation":0},{"dt":1632926400,"precipitation":0},{"dt":1632926460,"precipitation":0},{"dt":1632926520,"precipitation":0},{"dt":1632926580,"precipitation":0},{"dt":1632926640,"precipitation":0},{"dt":1632926700,"precipitation":0},{"dt":1632926760,"precipitation":0},{"dt":1632926820,"precipitation":0},{"dt":1632926880,"precipitation":0},{"dt":1632926940,"precipitation":0},{"dt":1632927000,"precipitation":0},{"dt":1632927060,"precipitation":0},{"dt":1632927120,"precipitation":0},{"dt":1632927180,"precipitation":0},{"dt":1632927240,"precipitation":0},{"dt":1632927300,"precipitation":0},{"dt":1632927360,"precipitation":0},{"dt":1632927420,"precipitation":0},{"dt":1632927480,"precipitation":0},{"dt":1632927540,"precipitation":0},{"dt":1632927600,"precipitation":0},{"dt":1632927660,"precipitation":0},{"dt":1632927720,"precipitation":0},{"dt":1632927780,"precipitation":0},{"dt":1632927840,"precipitation":0},{"dt":1632927900,"precipitation":0},{"dt":1632927960,"precipitation":0},{"dt":1632928020,"precipitation":0},{"dt":1632928080,"precipitation":0},{"dt":1632928140,"precipitation":0},{"dt":1632928200,"precipitation":0},{"dt":1632928260,"precipitation":0},{"dt":1632928320,"precipitation":0},{"dt":1632928380,"precipitation":0},{"dt":1632928440,"precipitation":0},{"dt":1632928500,"precipitation":0},{"dt":1632928560,"precipitation":0},{"dt":1632928620,"precipitation":0},{"dt":1632928680,"precipitation":0},{"dt":1632928740,"precipitation":0},{"dt":1632928800,"precipitation":0},{"dt":1632928860,"precipitation":0},{"dt":1632928920,"precipitation":0},{"dt":1632928980,"precipitation":0},{"dt":1632929040,"precipitation":0},{"dt":1632929100,"precipitation":0},{"dt":1632929160,"precipitation":0},{"dt":1632929220,"precipitation":0},{"dt":1632929280,"precipitation":0},{"dt":1632929340,"precipitation":0},{"dt":1632929400,"precipitation":0}],"hourly":[{"dt":1632924000,"temp":291.66,"feels_like":291.39,"pressure":1009,"humidity":70,"dew_point":286.09,"uvi":0.43,"clouds":63,"visibility":10000,"wind_speed":3.96,"wind_deg":148,"wind_gust":6.85,"weather":[{"id":500,"main":"Rain","description":"light
        rain","icon":"10d"}],"pop":0.37,"rain":{"1h":0.46}},{"dt":1632927600,"temp":292.4,"feels_like":292.16,"pressure":1009,"humidity":68,"dew_point":286.35,"uvi":1.36,"clouds":61,"visibility":10000,"wind_speed":4.94,"wind_deg":149,"wind_gust":6.7,"weather":[{"id":803,"main":"Clouds","description":"broken
        clouds","icon":"04d"}],"pop":0.37},{"dt":1632931200,"temp":294.04,"feels_like":293.83,"pressure":1009,"humidity":63,"dew_point":286.74,"uvi":2.89,"clouds":61,"visibility":10000,"wind_speed":5.98,"wind_deg":149,"wind_gust":7.91,"weather":[{"id":803,"main":"Clouds","description":"broken
        clouds","icon":"04d"}],"pop":0.28},{"dt":1632934800,"temp":296.53,"feels_like":296.36,"pressure":1008,"humidity":55,"dew_point":286.99,"uvi":4.45,"clouds":61,"visibility":10000,"wind_speed":6.69,"wind_deg":150,"wind_gust":8.69,"weather":[{"id":803,"main":"Clouds","description":"broken
        clouds","icon":"04d"}],"pop":0.21},{"dt":1632938400,"temp":299.48,"feels_like":299.48,"pressure":1008,"humidity":47,"dew_point":287.28,"uvi":5.51,"clouds":58,"visibility":10000,"wind_speed":7.38,"wind_deg":149,"wind_gust":9.3,"weather":[{"id":803,"main":"Clouds","description":"broken
        clouds","icon":"04d"}],"pop":0.2},{"dt":1632942000,"temp":302.26,"feels_like":301.96,"pressure":1007,"humidity":41,"dew_point":287.61,"uvi":5.29,"clouds":24,"visibility":10000,"wind_speed":7.7,"wind_deg":144,"wind_gust":9.29,"weather":[{"id":801,"main":"Clouds","description":"few
        clouds","icon":"02d"}],"pop":0},{"dt":1632945600,"temp":302.56,"feels_like":302.18,"pressure":1007,"humidity":40,"dew_point":287.53,"uvi":4.51,"clouds":15,"visibility":10000,"wind_speed":7.69,"wind_deg":136,"wind_gust":8.87,"weather":[{"id":801,"main":"Clouds","description":"few
        clouds","icon":"02d"}],"pop":0},{"dt":1632949200,"temp":302.7,"feels_like":302.23,"pressure":1007,"humidity":39,"dew_point":287.34,"uvi":3.11,"clouds":11,"visibility":10000,"wind_speed":7.39,"wind_deg":132,"wind_gust":8.37,"weather":[{"id":801,"main":"Clouds","description":"few
        clouds","icon":"02d"}],"pop":0},{"dt":1632952800,"temp":303.03,"feels_like":302.29,"pressure":1006,"humidity":36,"dew_point":286.63,"uvi":0.51,"clouds":14,"visibility":10000,"wind_speed":6.76,"wind_deg":136,"wind_gust":7.97,"weather":[{"id":801,"main":"Clouds","description":"few
        clouds","icon":"02d"}],"pop":0},{"dt":1632956400,"temp":302.7,"feels_like":301.95,"pressure":1006,"humidity":36,"dew_point":286.36,"uvi":0.18,"clouds":18,"visibility":10000,"wind_speed":6.49,"wind_deg":145,"wind_gust":7.72,"weather":[{"id":801,"main":"Clouds","description":"few
        clouds","icon":"02d"}],"pop":0},{"dt":1632960000,"temp":300.82,"feels_like":300.6,"pressure":1006,"humidity":41,"dew_point":286.71,"uvi":0,"clouds":18,"visibility":10000,"wind_speed":5.41,"wind_deg":134,"wind_gust":9.14,"weather":[{"id":801,"main":"Clouds","description":"few
        clouds","icon":"02d"}],"pop":0.05},{"dt":1632963600,"temp":298.66,"feels_like":298.52,"pressure":1007,"humidity":48,"dew_point":286.97,"uvi":0,"clouds":37,"visibility":10000,"wind_speed":4.52,"wind_deg":135,"wind_gust":10.13,"weather":[{"id":802,"main":"Clouds","description":"scattered
        clouds","icon":"03n"}],"pop":0.53},{"dt":1632967200,"temp":296.54,"feels_like":296.45,"pressure":1008,"humidity":58,"dew_point":287.73,"uvi":0,"clouds":63,"visibility":10000,"wind_speed":4.43,"wind_deg":148,"wind_gust":10.21,"weather":[{"id":500,"main":"Rain","description":"light
        rain","icon":"10n"}],"pop":0.8,"rain":{"1h":0.35}},{"dt":1632970800,"temp":292.83,"feels_like":292.84,"pressure":1010,"humidity":76,"dew_point":288.32,"uvi":0,"clouds":75,"visibility":10000,"wind_speed":3.25,"wind_deg":126,"wind_gust":5.02,"weather":[{"id":501,"main":"Rain","description":"moderate
        rain","icon":"10n"}],"pop":0.89,"rain":{"1h":1.45}},{"dt":1632974400,"temp":291.96,"feels_like":292.06,"pressure":1011,"humidity":83,"dew_point":288.93,"uvi":0,"clouds":80,"visibility":10000,"wind_speed":3.89,"wind_deg":107,"wind_gust":7.48,"weather":[{"id":500,"main":"Rain","description":"light
        rain","icon":"10n"}],"pop":0.89,"rain":{"1h":0.34}},{"dt":1632978000,"temp":291.93,"feels_like":292.08,"pressure":1011,"humidity":85,"dew_point":289.3,"uvi":0,"clouds":84,"visibility":10000,"wind_speed":2.47,"wind_deg":128,"wind_gust":4.82,"weather":[{"id":803,"main":"Clouds","description":"broken
        clouds","icon":"04n"}],"pop":0.74},{"dt":1632981600,"temp":291.48,"feels_like":291.64,"pressure":1011,"humidity":87,"dew_point":289.24,"uvi":0,"clouds":84,"visibility":10000,"wind_speed":2.24,"wind_deg":148,"wind_gust":3.69,"weather":[{"id":500,"main":"Rain","description":"light
        rain","icon":"10n"}],"pop":1,"rain":{"1h":0.29}},{"dt":1632985200,"temp":290.89,"feels_like":291.1,"pressure":1013,"humidity":91,"dew_point":289.3,"uvi":0,"clouds":72,"visibility":10000,"wind_speed":1.36,"wind_deg":315,"wind_gust":1.7,"weather":[{"id":500,"main":"Rain","description":"light
        rain","icon":"10n"}],"pop":0.84,"rain":{"1h":0.7}},{"dt":1632988800,"temp":290.56,"feels_like":290.81,"pressure":1013,"humidity":94,"dew_point":289.59,"uvi":0,"clouds":80,"visibility":10000,"wind_speed":2.6,"wind_deg":340,"wind_gust":4.33,"weather":[{"id":501,"main":"Rain","description":"moderate
        rain","icon":"10n"}],"pop":0.95,"rain":{"1h":1.24}},{"dt":1632992400,"temp":290.62,"feels_like":290.93,"pressure":1014,"humidity":96,"dew_point":289.85,"uvi":0,"clouds":87,"visibility":10000,"wind_speed":2.51,"wind_deg":348,"wind_gust":5.15,"weather":[{"id":501,"main":"Rain","description":"moderate
        rain","icon":"10n"}],"pop":0.97,"rain":{"1h":1.81}},{"dt":1632996000,"temp":290.91,"feels_like":291.22,"pressure":1014,"humidity":95,"dew_point":290.09,"uvi":0,"clouds":90,"visibility":7837,"wind_speed":3.18,"wind_deg":344,"wind_gust":5.96,"weather":[{"id":501,"main":"Rain","description":"moderate
        rain","icon":"10n"}],"pop":0.97,"rain":{"1h":1.53}},{"dt":1632999600,"temp":290.92,"feels_like":291.23,"pressure":1014,"humidity":95,"dew_point":290.09,"uvi":0,"clouds":92,"visibility":6561,"wind_speed":4.12,"wind_deg":352,"wind_gust":7.21,"weather":[{"id":501,"main":"Rain","description":"moderate
        rain","icon":"10n"}],"pop":0.97,"rain":{"1h":1.92}},{"dt":1633003200,"temp":290.57,"feels_like":290.85,"pressure":1015,"humidity":95,"dew_point":289.78,"uvi":0,"clouds":94,"visibility":9767,"wind_speed":4.61,"wind_deg":16,"wind_gust":8.62,"weather":[{"id":501,"main":"Rain","description":"moderate
        rain","icon":"10n"}],"pop":1,"rain":{"1h":2.23}},{"dt":1633006800,"temp":290.43,"feels_like":290.72,"pressure":1015,"humidity":96,"dew_point":289.75,"uvi":0,"clouds":100,"visibility":6528,"wind_speed":5.06,"wind_deg":30,"wind_gust":9.44,"weather":[{"id":502,"main":"Rain","description":"heavy
        intensity rain","icon":"10d"}],"pop":0.96,"rain":{"1h":4.88}},{"dt":1633010400,"temp":290.47,"feels_like":290.76,"pressure":1016,"humidity":96,"dew_point":289.75,"uvi":0.08,"clouds":100,"visibility":10000,"wind_speed":5.11,"wind_deg":45,"wind_gust":9.2,"weather":[{"id":502,"main":"Rain","description":"heavy
        intensity rain","icon":"10d"}],"pop":0.95,"rain":{"1h":4.79}},{"dt":1633014000,"temp":290.77,"feels_like":291.04,"pressure":1017,"humidity":94,"dew_point":289.75,"uvi":0.26,"clouds":100,"visibility":10000,"wind_speed":4.63,"wind_deg":35,"wind_gust":7.5,"weather":[{"id":501,"main":"Rain","description":"moderate
        rain","icon":"10d"}],"pop":0.95,"rain":{"1h":1.74}},{"dt":1633017600,"temp":291.58,"feels_like":291.8,"pressure":1017,"humidity":89,"dew_point":289.74,"uvi":1.29,"clouds":100,"visibility":10000,"wind_speed":3.8,"wind_deg":14,"wind_gust":5.09,"weather":[{"id":500,"main":"Rain","description":"light
        rain","icon":"10d"}],"pop":0.96,"rain":{"1h":0.1}},{"dt":1633021200,"temp":291.85,"feels_like":292.02,"pressure":1017,"humidity":86,"dew_point":289.37,"uvi":1.99,"clouds":100,"visibility":10000,"wind_speed":4.67,"wind_deg":360,"wind_gust":5.61,"weather":[{"id":804,"main":"Clouds","description":"overcast
        clouds","icon":"04d"}],"pop":0.76},{"dt":1633024800,"temp":291.3,"feels_like":291.39,"pressure":1017,"humidity":85,"dew_point":288.85,"uvi":2.47,"clouds":100,"visibility":10000,"wind_speed":5.05,"wind_deg":348,"wind_gust":5.99,"weather":[{"id":500,"main":"Rain","description":"light
        rain","icon":"10d"}],"pop":0.94,"rain":{"1h":0.12}},{"dt":1633028400,"temp":291.25,"feels_like":291.28,"pressure":1018,"humidity":83,"dew_point":288.4,"uvi":1.87,"clouds":100,"visibility":10000,"wind_speed":5.16,"wind_deg":348,"wind_gust":6.28,"weather":[{"id":804,"main":"Clouds","description":"overcast
        clouds","icon":"04d"}],"pop":0.25},{"dt":1633032000,"temp":292.44,"feels_like":292.46,"pressure":1017,"humidity":78,"dew_point":288.49,"uvi":1.59,"clouds":100,"visibility":10000,"wind_speed":5,"wind_deg":348,"wind_gust":5.73,"weather":[{"id":804,"main":"Clouds","description":"overcast
        clouds","icon":"04d"}],"pop":0.11},{"dt":1633035600,"temp":293.77,"feels_like":293.72,"pressure":1017,"humidity":70,"dew_point":288.19,"uvi":1.09,"clouds":100,"visibility":10000,"wind_speed":5.35,"wind_deg":356,"wind_gust":5.57,"weather":[{"id":804,"main":"Clouds","description":"overcast
        clouds","icon":"04d"}],"pop":0.07},{"dt":1633039200,"temp":293.61,"feels_like":293.49,"pressure":1017,"humidity":68,"dew_point":287.39,"uvi":0.53,"clouds":99,"visibility":10000,"wind_speed":5.16,"wind_deg":4,"wind_gust":5.54,"weather":[{"id":804,"main":"Clouds","description":"overcast
        clouds","icon":"04d"}],"pop":0.09},{"dt":1633042800,"temp":293.15,"feels_like":292.98,"pressure":1017,"humidity":68,"dew_point":286.96,"uvi":0.19,"clouds":96,"visibility":10000,"wind_speed":4.48,"wind_deg":12,"wind_gust":5.44,"weather":[{"id":804,"main":"Clouds","description":"overcast
        clouds","icon":"04d"}],"pop":0.09},{"dt":1633046400,"temp":291.95,"feels_like":291.77,"pressure":1017,"humidity":72,"dew_point":286.9,"uvi":0,"clouds":83,"visibility":10000,"wind_speed":3.37,"wind_deg":15,"wind_gust":5.42,"weather":[{"id":803,"main":"Clouds","description":"broken
        clouds","icon":"04d"}],"pop":0.09},{"dt":1633050000,"temp":290.37,"feels_like":290.21,"pressure":1017,"humidity":79,"dew_point":286.58,"uvi":0,"clouds":2,"visibility":10000,"wind_speed":2.57,"wind_deg":28,"wind_gust":3.24,"weather":[{"id":800,"main":"Clear","description":"clear
        sky","icon":"01n"}],"pop":0.03},{"dt":1633053600,"temp":289.75,"feels_like":289.58,"pressure":1017,"humidity":81,"dew_point":286.39,"uvi":0,"clouds":12,"visibility":10000,"wind_speed":2.55,"wind_deg":29,"wind_gust":3.32,"weather":[{"id":801,"main":"Clouds","description":"few
        clouds","icon":"02n"}],"pop":0.02},{"dt":1633057200,"temp":289.27,"feels_like":289.05,"pressure":1017,"humidity":81,"dew_point":286.03,"uvi":0,"clouds":9,"visibility":10000,"wind_speed":2.11,"wind_deg":18,"wind_gust":2.43,"weather":[{"id":800,"main":"Clear","description":"clear
        sky","icon":"01n"}],"pop":0},{"dt":1633060800,"temp":289.05,"feels_like":288.81,"pressure":1018,"humidity":81,"dew_point":285.68,"uvi":0,"clouds":23,"visibility":10000,"wind_speed":2.62,"wind_deg":6,"wind_gust":3.31,"weather":[{"id":801,"main":"Clouds","description":"few
        clouds","icon":"02n"}],"pop":0},{"dt":1633064400,"temp":288.91,"feels_like":288.63,"pressure":1019,"humidity":80,"dew_point":285.48,"uvi":0,"clouds":38,"visibility":10000,"wind_speed":1.71,"wind_deg":14,"wind_gust":2.01,"weather":[{"id":802,"main":"Clouds","description":"scattered
        clouds","icon":"03n"}],"pop":0},{"dt":1633068000,"temp":288.85,"feels_like":288.56,"pressure":1018,"humidity":80,"dew_point":285.38,"uvi":0,"clouds":49,"visibility":10000,"wind_speed":2.2,"wind_deg":15,"wind_gust":2.65,"weather":[{"id":802,"main":"Clouds","description":"scattered
        clouds","icon":"03n"}],"pop":0},{"dt":1633071600,"temp":288.44,"feels_like":288.14,"pressure":1018,"humidity":81,"dew_point":285.2,"uvi":0,"clouds":100,"visibility":10000,"wind_speed":2.33,"wind_deg":2,"wind_gust":2.58,"weather":[{"id":804,"main":"Clouds","description":"overcast
        clouds","icon":"04n"}],"pop":0},{"dt":1633075200,"temp":288.46,"feels_like":288.14,"pressure":1018,"humidity":80,"dew_point":285,"uvi":0,"clouds":100,"visibility":10000,"wind_speed":2.27,"wind_deg":350,"wind_gust":2.67,"weather":[{"id":804,"main":"Clouds","description":"overcast
        clouds","icon":"04n"}],"pop":0},{"dt":1633078800,"temp":288.16,"feels_like":287.83,"pressure":1018,"humidity":81,"dew_point":284.83,"uvi":0,"clouds":100,"visibility":10000,"wind_speed":1.97,"wind_deg":5,"wind_gust":2.12,"weather":[{"id":804,"main":"Clouds","description":"overcast
        clouds","icon":"04n"}],"pop":0},{"dt":1633082400,"temp":287.96,"feels_like":287.61,"pressure":1018,"humidity":81,"dew_point":284.69,"uvi":0,"clouds":100,"visibility":10000,"wind_speed":1.86,"wind_deg":6,"wind_gust":1.92,"weather":[{"id":804,"main":"Clouds","description":"overcast
        clouds","icon":"04n"}],"pop":0},{"dt":1633086000,"temp":287.89,"feels_like":287.51,"pressure":1018,"humidity":80,"dew_point":284.51,"uvi":0,"clouds":100,"visibility":10000,"wind_speed":1.79,"wind_deg":8,"wind_gust":1.89,"weather":[{"id":804,"main":"Clouds","description":"overcast
        clouds","icon":"04n"}],"pop":0},{"dt":1633089600,"temp":288.03,"feels_like":287.64,"pressure":1018,"humidity":79,"dew_point":284.38,"uvi":0,"clouds":100,"visibility":10000,"wind_speed":2.02,"wind_deg":356,"wind_gust":2.28,"weather":[{"id":804,"main":"Clouds","description":"overcast
        clouds","icon":"04n"}],"pop":0},{"dt":1633093200,"temp":288.27,"feels_like":287.85,"pressure":1018,"humidity":77,"dew_point":284.27,"uvi":0,"clouds":100,"visibility":10000,"wind_speed":2.64,"wind_deg":352,"wind_gust":3.9,"weather":[{"id":804,"main":"Clouds","description":"overcast
        clouds","icon":"04d"}],"pop":0}],"daily":[{"dt":1632938400,"sunrise":1632918638,"sunset":1632961331,"moonrise":1632891840,"moonset":1632948240,"moon_phase":0.77,"temp":{"day":299.48,"min":291.57,"max":303.03,"night":291.96,"eve":300.82,"morn":291.57},"feels_like":{"day":299.48,"night":292.06,"eve":300.6,"morn":291.37},"pressure":1008,"humidity":47,"dew_point":287.28,"wind_speed":7.7,"wind_deg":144,"wind_gust":15.54,"weather":[{"id":501,"main":"Rain","description":"moderate
        rain","icon":"10d"}],"clouds":58,"pop":0.89,"rain":2.82,"uvi":5.51},{"dt":1633024800,"sunrise":1633005094,"sunset":1633047634,"moonrise":1632981480,"moonset":1633037340,"moon_phase":0.8,"temp":{"day":291.3,"min":289.05,"max":293.77,"night":289.05,"eve":291.95,"morn":290.57},"feels_like":{"day":291.39,"night":288.81,"eve":291.77,"morn":290.85},"pressure":1017,"humidity":85,"dew_point":288.85,"wind_speed":5.35,"wind_deg":356,"wind_gust":9.44,"weather":[{"id":502,"main":"Rain","description":"heavy
        intensity rain","icon":"10d"}],"clouds":100,"pop":1,"rain":21.35,"uvi":2.47},{"dt":1633111200,"sunrise":1633091550,"sunset":1633133937,"moonrise":1633071480,"moonset":1633126200,"moon_phase":0.83,"temp":{"day":290.75,"min":287.89,"max":291.62,"night":289.39,"eve":289.51,"morn":288.03},"feels_like":{"day":290.39,"night":289.45,"eve":289.55,"morn":287.64},"pressure":1018,"humidity":70,"dew_point":285.14,"wind_speed":4.17,"wind_deg":3,"wind_gust":6.28,"weather":[{"id":500,"main":"Rain","description":"light
        rain","icon":"10d"}],"clouds":100,"pop":0.69,"rain":1,"uvi":4.87},{"dt":1633197600,"sunrise":1633178007,"sunset":1633220241,"moonrise":1633161720,"moonset":1633214700,"moon_phase":0.87,"temp":{"day":292.46,"min":288.91,"max":292.46,"night":290.33,"eve":291.17,"morn":288.91},"feels_like":{"day":292.46,"night":290.3,"eve":291.19,"morn":289.05},"pressure":1015,"humidity":77,"dew_point":288.23,"wind_speed":3.71,"wind_deg":351,"wind_gust":6.2,"weather":[{"id":501,"main":"Rain","description":"moderate
        rain","icon":"10d"}],"clouds":99,"pop":0.97,"rain":11.85,"uvi":1.82},{"dt":1633284000,"sunrise":1633264464,"sunset":1633306545,"moonrise":1633252200,"moonset":1633302960,"moon_phase":0.9,"temp":{"day":296.31,"min":286.8,"max":298.44,"night":291.18,"eve":294.43,"morn":286.8},"feels_like":{"day":295.75,"night":290.24,"eve":293.71,"morn":286.65},"pressure":1016,"humidity":41,"dew_point":282.58,"wind_speed":3.75,"wind_deg":149,"wind_gust":5.64,"weather":[{"id":800,"main":"Clear","description":"clear
        sky","icon":"01d"}],"clouds":0,"pop":0.04,"uvi":2},{"dt":1633370400,"sunrise":1633350922,"sunset":1633392849,"moonrise":1633342740,"moonset":1633391040,"moon_phase":0.94,"temp":{"day":297.74,"min":288.55,"max":299.88,"night":291.95,"eve":295.45,"morn":288.55},"feels_like":{"day":297.3,"night":291.4,"eve":295.07,"morn":287.9},"pressure":1015,"humidity":40,"dew_point":283.25,"wind_speed":4.79,"wind_deg":35,"wind_gust":10.44,"weather":[{"id":800,"main":"Clear","description":"clear
        sky","icon":"01d"}],"clouds":2,"pop":0,"uvi":2},{"dt":1633456800,"sunrise":1633437379,"sunset":1633479154,"moonrise":1633433340,"moonset":1633479120,"moon_phase":0.97,"temp":{"day":295.27,"min":286.32,"max":297.23,"night":290.28,"eve":293.39,"morn":286.32},"feels_like":{"day":294.74,"night":289.48,"eve":292.75,"morn":285.78},"pressure":1021,"humidity":46,"dew_point":283.27,"wind_speed":3.44,"wind_deg":142,"wind_gust":6.03,"weather":[{"id":800,"main":"Clear","description":"clear
        sky","icon":"01d"}],"clouds":0,"pop":0,"uvi":2},{"dt":1633543200,"sunrise":1633523837,"sunset":1633565460,"moonrise":1633524060,"moonset":1633567200,"moon_phase":0,"temp":{"day":296.72,"min":286.69,"max":298.54,"night":290.85,"eve":294.19,"morn":286.69},"feels_like":{"day":296.18,"night":290.16,"eve":293.63,"morn":285.9},"pressure":1019,"humidity":40,"dew_point":282.4,"wind_speed":4.03,"wind_deg":143,"wind_gust":8.27,"weather":[{"id":800,"main":"Clear","description":"clear
        sky","icon":"01d"}],"clouds":0,"pop":0,"uvi":2}]}'
  recorded_at: Wed, 29 Sep 2021 14:29:38 GMT
- request:
    method: get
    uri: http://api.openweathermap.org/data/2.5/onecall?appid=9cce38001043568898b3ad0ffbd9050f&lat=39.3909&lon=-99.0661
    body:
      encoding: US-ASCII
      string: ''
    headers:
      User-Agent:
      - Faraday v1.8.0
      Accept-Encoding:
      - gzip;q=1.0,deflate;q=0.6,identity;q=0.3
      Accept:
      - "*/*"
  response:
    status:
      code: 200
      message: OK
    headers:
      Server:
      - openresty
      Date:
      - Wed, 29 Sep 2021 14:29:38 GMT
      Content-Type:
      - application/json; charset=utf-8
      Content-Length:
      - '20391'
      Connection:
      - keep-alive
      X-Cache-Key:
      - "/data/2.5/onecall?lat=39.39&lon=-99.07"
      Access-Control-Allow-Origin:
      - "*"
      Access-Control-Allow-Credentials:
      - 'true'
      Access-Control-Allow-Methods:
      - GET, POST
    body:
      encoding: UTF-8
      string: '{"lat":39.3909,"lon":-99.0661,"timezone":"America/Chicago","timezone_offset":-18000,"current":{"dt":1632925777,"sunrise":1632918638,"sunset":1632961331,"temp":291.66,"feels_like":291.39,"pressure":1009,"humidity":70,"dew_point":286.09,"uvi":0.43,"clouds":63,"visibility":10000,"wind_speed":3.96,"wind_deg":148,"wind_gust":6.85,"weather":[{"id":803,"main":"Clouds","description":"broken
        clouds","icon":"04d"}]},"minutely":[{"dt":1632925800,"precipitation":0},{"dt":1632925860,"precipitation":0},{"dt":1632925920,"precipitation":0},{"dt":1632925980,"precipitation":0},{"dt":1632926040,"precipitation":0},{"dt":1632926100,"precipitation":0},{"dt":1632926160,"precipitation":0},{"dt":1632926220,"precipitation":0},{"dt":1632926280,"precipitation":0},{"dt":1632926340,"precipitation":0},{"dt":1632926400,"precipitation":0},{"dt":1632926460,"precipitation":0},{"dt":1632926520,"precipitation":0},{"dt":1632926580,"precipitation":0},{"dt":1632926640,"precipitation":0},{"dt":1632926700,"precipitation":0},{"dt":1632926760,"precipitation":0},{"dt":1632926820,"precipitation":0},{"dt":1632926880,"precipitation":0},{"dt":1632926940,"precipitation":0},{"dt":1632927000,"precipitation":0},{"dt":1632927060,"precipitation":0},{"dt":1632927120,"precipitation":0},{"dt":1632927180,"precipitation":0},{"dt":1632927240,"precipitation":0},{"dt":1632927300,"precipitation":0},{"dt":1632927360,"precipitation":0},{"dt":1632927420,"precipitation":0},{"dt":1632927480,"precipitation":0},{"dt":1632927540,"precipitation":0},{"dt":1632927600,"precipitation":0},{"dt":1632927660,"precipitation":0},{"dt":1632927720,"precipitation":0},{"dt":1632927780,"precipitation":0},{"dt":1632927840,"precipitation":0},{"dt":1632927900,"precipitation":0},{"dt":1632927960,"precipitation":0},{"dt":1632928020,"precipitation":0},{"dt":1632928080,"precipitation":0},{"dt":1632928140,"precipitation":0},{"dt":1632928200,"precipitation":0},{"dt":1632928260,"precipitation":0},{"dt":1632928320,"precipitation":0},{"dt":1632928380,"precipitation":0},{"dt":1632928440,"precipitation":0},{"dt":1632928500,"precipitation":0},{"dt":1632928560,"precipitation":0},{"dt":1632928620,"precipitation":0},{"dt":1632928680,"precipitation":0},{"dt":1632928740,"precipitation":0},{"dt":1632928800,"precipitation":0},{"dt":1632928860,"precipitation":0},{"dt":1632928920,"precipitation":0},{"dt":1632928980,"precipitation":0},{"dt":1632929040,"precipitation":0},{"dt":1632929100,"precipitation":0},{"dt":1632929160,"precipitation":0},{"dt":1632929220,"precipitation":0},{"dt":1632929280,"precipitation":0},{"dt":1632929340,"precipitation":0},{"dt":1632929400,"precipitation":0}],"hourly":[{"dt":1632924000,"temp":291.66,"feels_like":291.39,"pressure":1009,"humidity":70,"dew_point":286.09,"uvi":0.43,"clouds":63,"visibility":10000,"wind_speed":3.96,"wind_deg":148,"wind_gust":6.85,"weather":[{"id":500,"main":"Rain","description":"light
        rain","icon":"10d"}],"pop":0.37,"rain":{"1h":0.46}},{"dt":1632927600,"temp":292.4,"feels_like":292.16,"pressure":1009,"humidity":68,"dew_point":286.35,"uvi":1.36,"clouds":61,"visibility":10000,"wind_speed":4.94,"wind_deg":149,"wind_gust":6.7,"weather":[{"id":803,"main":"Clouds","description":"broken
        clouds","icon":"04d"}],"pop":0.37},{"dt":1632931200,"temp":294.04,"feels_like":293.83,"pressure":1009,"humidity":63,"dew_point":286.74,"uvi":2.89,"clouds":61,"visibility":10000,"wind_speed":5.98,"wind_deg":149,"wind_gust":7.91,"weather":[{"id":803,"main":"Clouds","description":"broken
        clouds","icon":"04d"}],"pop":0.28},{"dt":1632934800,"temp":296.53,"feels_like":296.36,"pressure":1008,"humidity":55,"dew_point":286.99,"uvi":4.45,"clouds":61,"visibility":10000,"wind_speed":6.69,"wind_deg":150,"wind_gust":8.69,"weather":[{"id":803,"main":"Clouds","description":"broken
        clouds","icon":"04d"}],"pop":0.21},{"dt":1632938400,"temp":299.48,"feels_like":299.48,"pressure":1008,"humidity":47,"dew_point":287.28,"uvi":5.51,"clouds":58,"visibility":10000,"wind_speed":7.38,"wind_deg":149,"wind_gust":9.3,"weather":[{"id":803,"main":"Clouds","description":"broken
        clouds","icon":"04d"}],"pop":0.2},{"dt":1632942000,"temp":302.26,"feels_like":301.96,"pressure":1007,"humidity":41,"dew_point":287.61,"uvi":5.29,"clouds":24,"visibility":10000,"wind_speed":7.7,"wind_deg":144,"wind_gust":9.29,"weather":[{"id":801,"main":"Clouds","description":"few
        clouds","icon":"02d"}],"pop":0},{"dt":1632945600,"temp":302.56,"feels_like":302.18,"pressure":1007,"humidity":40,"dew_point":287.53,"uvi":4.51,"clouds":15,"visibility":10000,"wind_speed":7.69,"wind_deg":136,"wind_gust":8.87,"weather":[{"id":801,"main":"Clouds","description":"few
        clouds","icon":"02d"}],"pop":0},{"dt":1632949200,"temp":302.7,"feels_like":302.23,"pressure":1007,"humidity":39,"dew_point":287.34,"uvi":3.11,"clouds":11,"visibility":10000,"wind_speed":7.39,"wind_deg":132,"wind_gust":8.37,"weather":[{"id":801,"main":"Clouds","description":"few
        clouds","icon":"02d"}],"pop":0},{"dt":1632952800,"temp":303.03,"feels_like":302.29,"pressure":1006,"humidity":36,"dew_point":286.63,"uvi":0.51,"clouds":14,"visibility":10000,"wind_speed":6.76,"wind_deg":136,"wind_gust":7.97,"weather":[{"id":801,"main":"Clouds","description":"few
        clouds","icon":"02d"}],"pop":0},{"dt":1632956400,"temp":302.7,"feels_like":301.95,"pressure":1006,"humidity":36,"dew_point":286.36,"uvi":0.18,"clouds":18,"visibility":10000,"wind_speed":6.49,"wind_deg":145,"wind_gust":7.72,"weather":[{"id":801,"main":"Clouds","description":"few
        clouds","icon":"02d"}],"pop":0},{"dt":1632960000,"temp":300.82,"feels_like":300.6,"pressure":1006,"humidity":41,"dew_point":286.71,"uvi":0,"clouds":18,"visibility":10000,"wind_speed":5.41,"wind_deg":134,"wind_gust":9.14,"weather":[{"id":801,"main":"Clouds","description":"few
        clouds","icon":"02d"}],"pop":0.05},{"dt":1632963600,"temp":298.66,"feels_like":298.52,"pressure":1007,"humidity":48,"dew_point":286.97,"uvi":0,"clouds":37,"visibility":10000,"wind_speed":4.52,"wind_deg":135,"wind_gust":10.13,"weather":[{"id":802,"main":"Clouds","description":"scattered
        clouds","icon":"03n"}],"pop":0.53},{"dt":1632967200,"temp":296.54,"feels_like":296.45,"pressure":1008,"humidity":58,"dew_point":287.73,"uvi":0,"clouds":63,"visibility":10000,"wind_speed":4.43,"wind_deg":148,"wind_gust":10.21,"weather":[{"id":500,"main":"Rain","description":"light
        rain","icon":"10n"}],"pop":0.8,"rain":{"1h":0.35}},{"dt":1632970800,"temp":292.83,"feels_like":292.84,"pressure":1010,"humidity":76,"dew_point":288.32,"uvi":0,"clouds":75,"visibility":10000,"wind_speed":3.25,"wind_deg":126,"wind_gust":5.02,"weather":[{"id":501,"main":"Rain","description":"moderate
        rain","icon":"10n"}],"pop":0.89,"rain":{"1h":1.45}},{"dt":1632974400,"temp":291.96,"feels_like":292.06,"pressure":1011,"humidity":83,"dew_point":288.93,"uvi":0,"clouds":80,"visibility":10000,"wind_speed":3.89,"wind_deg":107,"wind_gust":7.48,"weather":[{"id":500,"main":"Rain","description":"light
        rain","icon":"10n"}],"pop":0.89,"rain":{"1h":0.34}},{"dt":1632978000,"temp":291.93,"feels_like":292.08,"pressure":1011,"humidity":85,"dew_point":289.3,"uvi":0,"clouds":84,"visibility":10000,"wind_speed":2.47,"wind_deg":128,"wind_gust":4.82,"weather":[{"id":803,"main":"Clouds","description":"broken
        clouds","icon":"04n"}],"pop":0.74},{"dt":1632981600,"temp":291.48,"feels_like":291.64,"pressure":1011,"humidity":87,"dew_point":289.24,"uvi":0,"clouds":84,"visibility":10000,"wind_speed":2.24,"wind_deg":148,"wind_gust":3.69,"weather":[{"id":500,"main":"Rain","description":"light
        rain","icon":"10n"}],"pop":1,"rain":{"1h":0.29}},{"dt":1632985200,"temp":290.89,"feels_like":291.1,"pressure":1013,"humidity":91,"dew_point":289.3,"uvi":0,"clouds":72,"visibility":10000,"wind_speed":1.36,"wind_deg":315,"wind_gust":1.7,"weather":[{"id":500,"main":"Rain","description":"light
        rain","icon":"10n"}],"pop":0.84,"rain":{"1h":0.7}},{"dt":1632988800,"temp":290.56,"feels_like":290.81,"pressure":1013,"humidity":94,"dew_point":289.59,"uvi":0,"clouds":80,"visibility":10000,"wind_speed":2.6,"wind_deg":340,"wind_gust":4.33,"weather":[{"id":501,"main":"Rain","description":"moderate
        rain","icon":"10n"}],"pop":0.95,"rain":{"1h":1.24}},{"dt":1632992400,"temp":290.62,"feels_like":290.93,"pressure":1014,"humidity":96,"dew_point":289.85,"uvi":0,"clouds":87,"visibility":10000,"wind_speed":2.51,"wind_deg":348,"wind_gust":5.15,"weather":[{"id":501,"main":"Rain","description":"moderate
        rain","icon":"10n"}],"pop":0.97,"rain":{"1h":1.81}},{"dt":1632996000,"temp":290.91,"feels_like":291.22,"pressure":1014,"humidity":95,"dew_point":290.09,"uvi":0,"clouds":90,"visibility":7837,"wind_speed":3.18,"wind_deg":344,"wind_gust":5.96,"weather":[{"id":501,"main":"Rain","description":"moderate
        rain","icon":"10n"}],"pop":0.97,"rain":{"1h":1.53}},{"dt":1632999600,"temp":290.92,"feels_like":291.23,"pressure":1014,"humidity":95,"dew_point":290.09,"uvi":0,"clouds":92,"visibility":6561,"wind_speed":4.12,"wind_deg":352,"wind_gust":7.21,"weather":[{"id":501,"main":"Rain","description":"moderate
        rain","icon":"10n"}],"pop":0.97,"rain":{"1h":1.92}},{"dt":1633003200,"temp":290.57,"feels_like":290.85,"pressure":1015,"humidity":95,"dew_point":289.78,"uvi":0,"clouds":94,"visibility":9767,"wind_speed":4.61,"wind_deg":16,"wind_gust":8.62,"weather":[{"id":501,"main":"Rain","description":"moderate
        rain","icon":"10n"}],"pop":1,"rain":{"1h":2.23}},{"dt":1633006800,"temp":290.43,"feels_like":290.72,"pressure":1015,"humidity":96,"dew_point":289.75,"uvi":0,"clouds":100,"visibility":6528,"wind_speed":5.06,"wind_deg":30,"wind_gust":9.44,"weather":[{"id":502,"main":"Rain","description":"heavy
        intensity rain","icon":"10d"}],"pop":0.96,"rain":{"1h":4.88}},{"dt":1633010400,"temp":290.47,"feels_like":290.76,"pressure":1016,"humidity":96,"dew_point":289.75,"uvi":0.08,"clouds":100,"visibility":10000,"wind_speed":5.11,"wind_deg":45,"wind_gust":9.2,"weather":[{"id":502,"main":"Rain","description":"heavy
        intensity rain","icon":"10d"}],"pop":0.95,"rain":{"1h":4.79}},{"dt":1633014000,"temp":290.77,"feels_like":291.04,"pressure":1017,"humidity":94,"dew_point":289.75,"uvi":0.26,"clouds":100,"visibility":10000,"wind_speed":4.63,"wind_deg":35,"wind_gust":7.5,"weather":[{"id":501,"main":"Rain","description":"moderate
        rain","icon":"10d"}],"pop":0.95,"rain":{"1h":1.74}},{"dt":1633017600,"temp":291.58,"feels_like":291.8,"pressure":1017,"humidity":89,"dew_point":289.74,"uvi":1.29,"clouds":100,"visibility":10000,"wind_speed":3.8,"wind_deg":14,"wind_gust":5.09,"weather":[{"id":500,"main":"Rain","description":"light
        rain","icon":"10d"}],"pop":0.96,"rain":{"1h":0.1}},{"dt":1633021200,"temp":291.85,"feels_like":292.02,"pressure":1017,"humidity":86,"dew_point":289.37,"uvi":1.99,"clouds":100,"visibility":10000,"wind_speed":4.67,"wind_deg":360,"wind_gust":5.61,"weather":[{"id":804,"main":"Clouds","description":"overcast
        clouds","icon":"04d"}],"pop":0.76},{"dt":1633024800,"temp":291.3,"feels_like":291.39,"pressure":1017,"humidity":85,"dew_point":288.85,"uvi":2.47,"clouds":100,"visibility":10000,"wind_speed":5.05,"wind_deg":348,"wind_gust":5.99,"weather":[{"id":500,"main":"Rain","description":"light
        rain","icon":"10d"}],"pop":0.94,"rain":{"1h":0.12}},{"dt":1633028400,"temp":291.25,"feels_like":291.28,"pressure":1018,"humidity":83,"dew_point":288.4,"uvi":1.87,"clouds":100,"visibility":10000,"wind_speed":5.16,"wind_deg":348,"wind_gust":6.28,"weather":[{"id":804,"main":"Clouds","description":"overcast
        clouds","icon":"04d"}],"pop":0.25},{"dt":1633032000,"temp":292.44,"feels_like":292.46,"pressure":1017,"humidity":78,"dew_point":288.49,"uvi":1.59,"clouds":100,"visibility":10000,"wind_speed":5,"wind_deg":348,"wind_gust":5.73,"weather":[{"id":804,"main":"Clouds","description":"overcast
        clouds","icon":"04d"}],"pop":0.11},{"dt":1633035600,"temp":293.77,"feels_like":293.72,"pressure":1017,"humidity":70,"dew_point":288.19,"uvi":1.09,"clouds":100,"visibility":10000,"wind_speed":5.35,"wind_deg":356,"wind_gust":5.57,"weather":[{"id":804,"main":"Clouds","description":"overcast
        clouds","icon":"04d"}],"pop":0.07},{"dt":1633039200,"temp":293.61,"feels_like":293.49,"pressure":1017,"humidity":68,"dew_point":287.39,"uvi":0.53,"clouds":99,"visibility":10000,"wind_speed":5.16,"wind_deg":4,"wind_gust":5.54,"weather":[{"id":804,"main":"Clouds","description":"overcast
        clouds","icon":"04d"}],"pop":0.09},{"dt":1633042800,"temp":293.15,"feels_like":292.98,"pressure":1017,"humidity":68,"dew_point":286.96,"uvi":0.19,"clouds":96,"visibility":10000,"wind_speed":4.48,"wind_deg":12,"wind_gust":5.44,"weather":[{"id":804,"main":"Clouds","description":"overcast
        clouds","icon":"04d"}],"pop":0.09},{"dt":1633046400,"temp":291.95,"feels_like":291.77,"pressure":1017,"humidity":72,"dew_point":286.9,"uvi":0,"clouds":83,"visibility":10000,"wind_speed":3.37,"wind_deg":15,"wind_gust":5.42,"weather":[{"id":803,"main":"Clouds","description":"broken
        clouds","icon":"04d"}],"pop":0.09},{"dt":1633050000,"temp":290.37,"feels_like":290.21,"pressure":1017,"humidity":79,"dew_point":286.58,"uvi":0,"clouds":2,"visibility":10000,"wind_speed":2.57,"wind_deg":28,"wind_gust":3.24,"weather":[{"id":800,"main":"Clear","description":"clear
        sky","icon":"01n"}],"pop":0.03},{"dt":1633053600,"temp":289.75,"feels_like":289.58,"pressure":1017,"humidity":81,"dew_point":286.39,"uvi":0,"clouds":12,"visibility":10000,"wind_speed":2.55,"wind_deg":29,"wind_gust":3.32,"weather":[{"id":801,"main":"Clouds","description":"few
        clouds","icon":"02n"}],"pop":0.02},{"dt":1633057200,"temp":289.27,"feels_like":289.05,"pressure":1017,"humidity":81,"dew_point":286.03,"uvi":0,"clouds":9,"visibility":10000,"wind_speed":2.11,"wind_deg":18,"wind_gust":2.43,"weather":[{"id":800,"main":"Clear","description":"clear
        sky","icon":"01n"}],"pop":0},{"dt":1633060800,"temp":289.05,"feels_like":288.81,"pressure":1018,"humidity":81,"dew_point":285.68,"uvi":0,"clouds":23,"visibility":10000,"wind_speed":2.62,"wind_deg":6,"wind_gust":3.31,"weather":[{"id":801,"main":"Clouds","description":"few
        clouds","icon":"02n"}],"pop":0},{"dt":1633064400,"temp":288.91,"feels_like":288.63,"pressure":1019,"humidity":80,"dew_point":285.48,"uvi":0,"clouds":38,"visibility":10000,"wind_speed":1.71,"wind_deg":14,"wind_gust":2.01,"weather":[{"id":802,"main":"Clouds","description":"scattered
        clouds","icon":"03n"}],"pop":0},{"dt":1633068000,"temp":288.85,"feels_like":288.56,"pressure":1018,"humidity":80,"dew_point":285.38,"uvi":0,"clouds":49,"visibility":10000,"wind_speed":2.2,"wind_deg":15,"wind_gust":2.65,"weather":[{"id":802,"main":"Clouds","description":"scattered
        clouds","icon":"03n"}],"pop":0},{"dt":1633071600,"temp":288.44,"feels_like":288.14,"pressure":1018,"humidity":81,"dew_point":285.2,"uvi":0,"clouds":100,"visibility":10000,"wind_speed":2.33,"wind_deg":2,"wind_gust":2.58,"weather":[{"id":804,"main":"Clouds","description":"overcast
        clouds","icon":"04n"}],"pop":0},{"dt":1633075200,"temp":288.46,"feels_like":288.14,"pressure":1018,"humidity":80,"dew_point":285,"uvi":0,"clouds":100,"visibility":10000,"wind_speed":2.27,"wind_deg":350,"wind_gust":2.67,"weather":[{"id":804,"main":"Clouds","description":"overcast
        clouds","icon":"04n"}],"pop":0},{"dt":1633078800,"temp":288.16,"feels_like":287.83,"pressure":1018,"humidity":81,"dew_point":284.83,"uvi":0,"clouds":100,"visibility":10000,"wind_speed":1.97,"wind_deg":5,"wind_gust":2.12,"weather":[{"id":804,"main":"Clouds","description":"overcast
        clouds","icon":"04n"}],"pop":0},{"dt":1633082400,"temp":287.96,"feels_like":287.61,"pressure":1018,"humidity":81,"dew_point":284.69,"uvi":0,"clouds":100,"visibility":10000,"wind_speed":1.86,"wind_deg":6,"wind_gust":1.92,"weather":[{"id":804,"main":"Clouds","description":"overcast
        clouds","icon":"04n"}],"pop":0},{"dt":1633086000,"temp":287.89,"feels_like":287.51,"pressure":1018,"humidity":80,"dew_point":284.51,"uvi":0,"clouds":100,"visibility":10000,"wind_speed":1.79,"wind_deg":8,"wind_gust":1.89,"weather":[{"id":804,"main":"Clouds","description":"overcast
        clouds","icon":"04n"}],"pop":0},{"dt":1633089600,"temp":288.03,"feels_like":287.64,"pressure":1018,"humidity":79,"dew_point":284.38,"uvi":0,"clouds":100,"visibility":10000,"wind_speed":2.02,"wind_deg":356,"wind_gust":2.28,"weather":[{"id":804,"main":"Clouds","description":"overcast
        clouds","icon":"04n"}],"pop":0},{"dt":1633093200,"temp":288.27,"feels_like":287.85,"pressure":1018,"humidity":77,"dew_point":284.27,"uvi":0,"clouds":100,"visibility":10000,"wind_speed":2.64,"wind_deg":352,"wind_gust":3.9,"weather":[{"id":804,"main":"Clouds","description":"overcast
        clouds","icon":"04d"}],"pop":0}],"daily":[{"dt":1632938400,"sunrise":1632918638,"sunset":1632961331,"moonrise":1632891840,"moonset":1632948240,"moon_phase":0.77,"temp":{"day":299.48,"min":291.57,"max":303.03,"night":291.96,"eve":300.82,"morn":291.57},"feels_like":{"day":299.48,"night":292.06,"eve":300.6,"morn":291.37},"pressure":1008,"humidity":47,"dew_point":287.28,"wind_speed":7.7,"wind_deg":144,"wind_gust":15.54,"weather":[{"id":501,"main":"Rain","description":"moderate
        rain","icon":"10d"}],"clouds":58,"pop":0.89,"rain":2.82,"uvi":5.51},{"dt":1633024800,"sunrise":1633005094,"sunset":1633047634,"moonrise":1632981480,"moonset":1633037340,"moon_phase":0.8,"temp":{"day":291.3,"min":289.05,"max":293.77,"night":289.05,"eve":291.95,"morn":290.57},"feels_like":{"day":291.39,"night":288.81,"eve":291.77,"morn":290.85},"pressure":1017,"humidity":85,"dew_point":288.85,"wind_speed":5.35,"wind_deg":356,"wind_gust":9.44,"weather":[{"id":502,"main":"Rain","description":"heavy
        intensity rain","icon":"10d"}],"clouds":100,"pop":1,"rain":21.35,"uvi":2.47},{"dt":1633111200,"sunrise":1633091550,"sunset":1633133937,"moonrise":1633071480,"moonset":1633126200,"moon_phase":0.83,"temp":{"day":290.75,"min":287.89,"max":291.62,"night":289.39,"eve":289.51,"morn":288.03},"feels_like":{"day":290.39,"night":289.45,"eve":289.55,"morn":287.64},"pressure":1018,"humidity":70,"dew_point":285.14,"wind_speed":4.17,"wind_deg":3,"wind_gust":6.28,"weather":[{"id":500,"main":"Rain","description":"light
        rain","icon":"10d"}],"clouds":100,"pop":0.69,"rain":1,"uvi":4.87},{"dt":1633197600,"sunrise":1633178007,"sunset":1633220241,"moonrise":1633161720,"moonset":1633214700,"moon_phase":0.87,"temp":{"day":292.46,"min":288.91,"max":292.46,"night":290.33,"eve":291.17,"morn":288.91},"feels_like":{"day":292.46,"night":290.3,"eve":291.19,"morn":289.05},"pressure":1015,"humidity":77,"dew_point":288.23,"wind_speed":3.71,"wind_deg":351,"wind_gust":6.2,"weather":[{"id":501,"main":"Rain","description":"moderate
        rain","icon":"10d"}],"clouds":99,"pop":0.97,"rain":11.85,"uvi":1.82},{"dt":1633284000,"sunrise":1633264464,"sunset":1633306545,"moonrise":1633252200,"moonset":1633302960,"moon_phase":0.9,"temp":{"day":296.31,"min":286.8,"max":298.44,"night":291.18,"eve":294.43,"morn":286.8},"feels_like":{"day":295.75,"night":290.24,"eve":293.71,"morn":286.65},"pressure":1016,"humidity":41,"dew_point":282.58,"wind_speed":3.75,"wind_deg":149,"wind_gust":5.64,"weather":[{"id":800,"main":"Clear","description":"clear
        sky","icon":"01d"}],"clouds":0,"pop":0.04,"uvi":2},{"dt":1633370400,"sunrise":1633350922,"sunset":1633392849,"moonrise":1633342740,"moonset":1633391040,"moon_phase":0.94,"temp":{"day":297.74,"min":288.55,"max":299.88,"night":291.95,"eve":295.45,"morn":288.55},"feels_like":{"day":297.3,"night":291.4,"eve":295.07,"morn":287.9},"pressure":1015,"humidity":40,"dew_point":283.25,"wind_speed":4.79,"wind_deg":35,"wind_gust":10.44,"weather":[{"id":800,"main":"Clear","description":"clear
        sky","icon":"01d"}],"clouds":2,"pop":0,"uvi":2},{"dt":1633456800,"sunrise":1633437379,"sunset":1633479154,"moonrise":1633433340,"moonset":1633479120,"moon_phase":0.97,"temp":{"day":295.27,"min":286.32,"max":297.23,"night":290.28,"eve":293.39,"morn":286.32},"feels_like":{"day":294.74,"night":289.48,"eve":292.75,"morn":285.78},"pressure":1021,"humidity":46,"dew_point":283.27,"wind_speed":3.44,"wind_deg":142,"wind_gust":6.03,"weather":[{"id":800,"main":"Clear","description":"clear
        sky","icon":"01d"}],"clouds":0,"pop":0,"uvi":2},{"dt":1633543200,"sunrise":1633523837,"sunset":1633565460,"moonrise":1633524060,"moonset":1633567200,"moon_phase":0,"temp":{"day":296.72,"min":286.69,"max":298.54,"night":290.85,"eve":294.19,"morn":286.69},"feels_like":{"day":296.18,"night":290.16,"eve":293.63,"morn":285.9},"pressure":1019,"humidity":40,"dew_point":282.4,"wind_speed":4.03,"wind_deg":143,"wind_gust":8.27,"weather":[{"id":800,"main":"Clear","description":"clear
        sky","icon":"01d"}],"clouds":0,"pop":0,"uvi":2}]}'
  recorded_at: Wed, 29 Sep 2021 14:29:38 GMT
recorded_with: VCR 6.0.0
